INFO 2026-08-30 09:10:20,751 autoreload 14952 21984 Watching for file changes with StatReloader
WARNING 2026-08-30 09:13:54,268 log 11536 31424 Unauthorized: /accounts/api/login/
WARNING 2026-08-30 09:14:29,040 log 27176 13456 Unauthorized: /accounts/api/login/
WARNING 2026-08-30 09:14:58,648 log 25964 2964 Unauthorized: /accounts/api/login/
WARNING 2026-08-30 09:15:01,537 log 25964 2964 Unauthorized: /products/api/
WARNING 2026-08-30 09:15:41,647 log 25648 14840 Unauthorized: /accounts/api/login/
WARNING 2026-08-30 09:15:44,601 log 25648 14840 Unauthorized: /products/api/
WARNING 2026-08-30 09:16:16,356 log 26680 21696 Unauthorized: /accounts/api/login/
WARNING 2026-08-30 09:16:19,353 log 26680 21696 Unauthorized: /products/api/
INFO 2026-08-30 09:17:38,301 autoreload 1180 17172 Watching for file changes with StatReloader
INFO 2026-08-30 09:23:15,201 log 1180 10816 "GET / HTTP/1.1" 302 0
INFO 2026-08-30 09:23:15,216 log 1180 10816 "GET /products/ HTTP/1.1" 302 0
INFO 2026-08-30 09:23:15,249 log 1180 10816 "GET /accounts/login/?next=/products/ HTTP/1.1" 200 10313
INFO 2026-08-30 09:23:15,407 log 1180 10816 "GET /static/css/base.css HTTP/1.1" 200 922
INFO 2026-08-30 09:23:15,409 log 1180 31408 "GET /static/css/auth.css HTTP/1.1" 200 6776
INFO 2026-08-30 09:23:15,733 log 1180 31408 "GET /static/images/warehouse_bg.jpg HTTP/1.1" 200 816699
WARNING 2026-08-30 09:23:17,145 log 1180 31408 Not Found: /favicon.ico
WARNING 2026-08-30 09:23:17,145 log 1180 31408 "GET /favicon.ico HTTP/1.1" 404 3672
INFO 2026-08-30 09:23:19,371 log 1180 31408 "GET /accounts/register/ HTTP/1.1" 200 10411
INFO 2026-08-30 09:23:48,055 log 1180 31408 "POST /accounts/register/ HTTP/1.1" 302 0
INFO 2026-08-30 09:23:48,062 log 1180 31408 "GET /accounts/login/ HTTP/1.1" 200 10313
INFO 2026-08-30 09:23:59,348 log 1180 31408 "POST /accounts/login/ HTTP/1.1" 200 10556
INFO 2026-08-30 09:24:13,852 log 1180 31408 "POST /accounts/login/ HTTP/1.1" 200 10556
INFO 2026-08-30 09:24:29,547 log 1180 31408 "POST /accounts/login/ HTTP/1.1" 200 10556
INFO 2026-08-30 09:24:34,682 log 1180 31408 "GET /accounts/register/ HTTP/1.1" 200 10411
INFO 2026-08-30 09:24:54,046 log 1180 31408 "POST /accounts/register/ HTTP/1.1" 302 0
INFO 2026-08-30 09:24:54,052 log 1180 31408 "GET /accounts/login/ HTTP/1.1" 200 10313
INFO 2026-08-30 09:24:58,526 log 1180 31408 "POST /accounts/login/ HTTP/1.1" 302 0
INFO 2026-08-30 09:24:58,529 log 1180 31408 "GET / HTTP/1.1" 302 0
INFO 2026-08-30 09:24:58,545 log 1180 31408 "GET /products/ HTTP/1.1" 200 26176
INFO 2026-08-30 09:24:58,582 log 1180 31408 "GET /static/css/layout.css HTTP/1.1" 200 3993
INFO 2026-08-30 09:24:58,586 log 1180 10816 "GET /static/css/components.css HTTP/1.1" 200 1454
INFO 2026-08-30 09:24:58,587 log 1180 31408 "GET /static/css/tables.css HTTP/1.1" 200 2415
INFO 2026-08-30 09:24:58,589 log 1180 10816 "GET /static/css/forms.css HTTP/1.1" 200 2180
INFO 2026-08-30 09:25:03,329 log 1180 10816 "GET /products/?q=&status=ACTIVE HTTP/1.1" 200 16050
INFO 2026-08-30 09:25:08,005 log 1180 10816 "GET /inventory/ HTTP/1.1" 200 25902
INFO 2026-08-30 09:25:08,033 log 1180 10816 "GET /static/css/dashboard.css HTTP/1.1" 200 5691
WARNING 2026-08-30 09:28:30,195 log 1180 10816 Method Not Allowed: /accounts/api/register/
WARNING 2026-08-30 09:28:30,196 log 1180 10816 "GET /accounts/api/register/ HTTP/1.1" 405 8687
INFO 2026-08-30 09:28:30,245 log 1180 10816 "GET /static/rest_framework/css/bootstrap.min.css HTTP/1.1" 200 121457
INFO 2026-08-30 09:28:30,259 log 1180 10816 "GET /static/rest_framework/css/bootstrap-tweaks.css HTTP/1.1" 200 3426
INFO 2026-08-30 09:28:30,260 log 1180 31408 "GET /static/rest_framework/css/prettify.css HTTP/1.1" 200 817
INFO 2026-08-30 09:28:30,266 log 1180 31408 "GET /static/rest_framework/css/default.css HTTP/1.1" 200 1152
INFO 2026-08-30 09:28:30,267 log 1180 10816 "GET /static/rest_framework/js/jquery-3.7.1.min.js HTTP/1.1" 200 87533
INFO 2026-08-30 09:28:30,277 log 1180 31408 "GET /static/rest_framework/js/ajax-form.js HTTP/1.1" 200 3796
INFO 2026-08-30 09:28:30,289 log 1180 10816 "GET /static/rest_framework/js/csrf.js HTTP/1.1" 200 1793
INFO 2026-08-30 09:28:30,292 log 1180 10816 "GET /static/rest_framework/js/prettify-min.js HTTP/1.1" 200 13632
INFO 2026-08-30 09:28:30,293 log 1180 31408 "GET /static/rest_framework/js/bootstrap.min.js HTTP/1.1" 200 39680
INFO 2026-08-30 09:28:30,297 log 1180 10816 "GET /static/rest_framework/js/default.js HTTP/1.1" 200 1268
INFO 2026-08-30 09:28:30,297 log 1180 31408 "GET /static/rest_framework/js/load-ajax-form.js HTTP/1.1" 200 59
INFO 2026-08-30 09:28:30,628 log 1180 31408 "GET /static/rest_framework/img/grid.png HTTP/1.1" 200 1458
INFO 2026-08-30 09:28:49,193 log 1180 31408 "POST /accounts/api/register/ HTTP/1.1" 201 8941
INFO 2026-08-30 09:29:21,102 log 1180 31408 "OPTIONS /accounts/api/register/ HTTP/1.1" 200 10996
INFO 2026-08-30 09:29:28,967 log 1180 31408 "POST /accounts/api/register/ HTTP/1.1" 201 8884
WARNING 2026-08-30 09:30:10,160 log 1180 31408 Method Not Allowed: /accounts/api/login/
WARNING 2026-08-30 09:30:10,161 log 1180 31408 "GET /accounts/api/login/ HTTP/1.1" 405 7654
INFO 2026-08-30 09:30:28,884 log 1180 31408 "POST /accounts/api/login/ HTTP/1.1" 200 8104
INFO 2026-08-30 09:31:04,685 log 1180 31408 "OPTIONS /accounts/api/login/ HTTP/1.1" 200 8640
INFO 2026-08-30 09:31:06,000 log 1180 31408 "OPTIONS /accounts/api/login/ HTTP/1.1" 200 8640
INFO 2026-08-30 09:31:07,370 log 1180 31408 "OPTIONS /accounts/api/login/ HTTP/1.1" 200 8640
INFO 2026-08-30 09:31:32,382 log 1180 31408 "GET /products/api/ HTTP/1.1" 200 16042
INFO 2026-08-30 09:31:37,169 log 1180 31408 "GET /products/api/?format=json HTTP/1.1" 200 2073
INFO 2026-08-30 09:34:33,528 log 1180 31408 "GET /categories/ HTTP/1.1" 200 16211
INFO 2026-08-30 09:34:39,446 log 1180 31408 "GET /inventory/ HTTP/1.1" 200 25902
INFO 2026-08-30 09:34:46,886 log 1180 31408 "GET /categories/ HTTP/1.1" 200 16211
INFO 2026-08-30 09:34:56,844 log 1180 31408 "GET /categories/?q=Electronics HTTP/1.1" 200 14580
INFO 2026-08-30 09:35:00,205 log 1180 31408 "GET /categories/?q=Electronics HTTP/1.1" 200 14580
INFO 2026-08-30 09:35:02,492 log 1180 31408 "GET /categories/new/ HTTP/1.1" 200 13617
INFO 2026-08-30 09:35:12,360 log 1180 31408 "POST /categories/new/ HTTP/1.1" 302 0
INFO 2026-08-30 09:35:12,374 log 1180 31408 "GET /categories/ HTTP/1.1" 200 17164
INFO 2026-08-30 09:35:24,557 log 1180 31408 "GET /categories/?q=Basmati+Rice HTTP/1.1" 200 14553
INFO 2026-08-30 09:35:29,503 log 1180 31408 "GET /products/ HTTP/1.1" 200 26176
INFO 2026-08-30 09:35:34,791 log 1180 31408 "GET /inventory/ HTTP/1.1" 200 25902
INFO 2026-08-30 09:35:41,744 log 1180 31408 "GET /orders/ HTTP/1.1" 200 13979
INFO 2026-08-30 09:35:43,912 log 1180 31408 "GET /orders/?status=PENDING HTTP/1.1" 200 13979
INFO 2026-08-30 09:35:45,033 log 1180 31408 "GET /orders/?status=SHIPPED HTTP/1.1" 200 13979
INFO 2026-08-30 09:35:46,140 log 1180 31408 "GET /orders/?status=CANCELLED HTTP/1.1" 200 13979
INFO 2026-08-30 09:35:47,852 log 1180 31408 "GET /orders/ HTTP/1.1" 200 13979
INFO 2026-08-30 09:35:51,486 log 1180 31408 "GET /orders/new/ HTTP/1.1" 200 18400
WARNING 2026-08-30 09:38:58,721 log 1180 31408 Not Found: /.well-known/appspecific/com.chrome.devtools.json
WARNING 2026-08-30 09:38:58,723 log 1180 31408 "GET /.well-known/appspecific/com.chrome.devtools.json HTTP/1.1" 404 3783
INFO 2026-08-30 09:39:01,258 log 1180 31408 "GET /orders/new/ HTTP/1.1" 200 18431
WARNING 2026-08-30 09:39:01,388 log 1180 31408 Not Found: /.well-known/appspecific/com.chrome.devtools.json
WARNING 2026-08-30 09:39:01,389 log 1180 31408 "GET /.well-known/appspecific/com.chrome.devtools.json HTTP/1.1" 404 3783
INFO 2026-08-30 09:39:05,449 log 1180 31408 "GET /orders/new/ HTTP/1.1" 200 18431
WARNING 2026-08-30 09:39:05,563 log 1180 31408 Not Found: /.well-known/appspecific/com.chrome.devtools.json
WARNING 2026-08-30 09:39:05,564 log 1180 31408 "GET /.well-known/appspecific/com.chrome.devtools.json HTTP/1.1" 404 3783
INFO 2026-08-30 09:39:06,701 log 1180 31408 "GET /inventory/ HTTP/1.1" 200 25933
WARNING 2026-08-30 09:39:06,841 log 1180 31408 Not Found: /.well-known/appspecific/com.chrome.devtools.json
WARNING 2026-08-30 09:39:06,843 log 1180 31408 "GET /.well-known/appspecific/com.chrome.devtools.json HTTP/1.1" 404 3783
INFO 2026-08-30 09:39:08,881 log 1180 31408 "GET /categories/ HTTP/1.1" 200 17044
WARNING 2026-08-30 09:39:09,033 log 1180 31408 Not Found: /.well-known/appspecific/com.chrome.devtools.json
WARNING 2026-08-30 09:39:09,034 log 1180 31408 "GET /.well-known/appspecific/com.chrome.devtools.json HTTP/1.1" 404 3783
INFO 2026-08-30 09:39:10,945 log 1180 31408 "GET /inventory/ HTTP/1.1" 200 25933
WARNING 2026-08-30 09:39:11,115 log 1180 31408 Not Found: /.well-known/appspecific/com.chrome.devtools.json
WARNING 2026-08-30 09:39:11,116 log 1180 31408 "GET /.well-known/appspecific/com.chrome.devtools.json HTTP/1.1" 404 3783
INFO 2026-08-30 09:39:12,631 log 1180 31408 "GET /categories/ HTTP/1.1" 200 17044
WARNING 2026-08-30 09:39:12,799 log 1180 31408 Not Found: /.well-known/appspecific/com.chrome.devtools.json
WARNING 2026-08-30 09:39:12,800 log 1180 31408 "GET /.well-known/appspecific/com.chrome.devtools.json HTTP/1.1" 404 3783
INFO 2026-08-30 09:39:14,125 log 1180 31408 "GET /products/ HTTP/1.1" 200 26207
WARNING 2026-08-30 09:39:14,302 log 1180 31408 Not Found: /.well-known/appspecific/com.chrome.devtools.json
WARNING 2026-08-30 09:39:14,303 log 1180 31408 "GET /.well-known/appspecific/com.chrome.devtools.json HTTP/1.1" 404 3783
INFO 2026-08-30 09:39:16,196 log 1180 31408 "GET /suppliers/ HTTP/1.1" 200 17162
WARNING 2026-08-30 09:39:16,393 log 1180 31408 Not Found: /.well-known/appspecific/com.chrome.devtools.json
WARNING 2026-08-30 09:39:16,394 log 1180 31408 "GET /.well-known/appspecific/com.chrome.devtools.json HTTP/1.1" 404 3783
INFO 2026-08-30 09:39:18,024 log 1180 31408 "GET /inventory/ HTTP/1.1" 200 25933
WARNING 2026-08-30 09:39:18,237 log 1180 31408 Not Found: /.well-known/appspecific/com.chrome.devtools.json
WARNING 2026-08-30 09:39:18,238 log 1180 31408 "GET /.well-known/appspecific/com.chrome.devtools.json HTTP/1.1" 404 3783
INFO 2026-08-30 09:39:20,486 log 1180 31408 "GET /orders/ HTTP/1.1" 200 14010
WARNING 2026-08-30 09:39:20,703 log 1180 31408 Not Found: /.well-known/appspecific/com.chrome.devtools.json
WARNING 2026-08-30 09:39:20,704 log 1180 31408 "GET /.well-known/appspecific/com.chrome.devtools.json HTTP/1.1" 404 3783
INFO 2026-08-30 09:39:22,182 log 1180 31408 "GET /customers/ HTTP/1.1" 200 14488
WARNING 2026-08-30 09:39:22,433 log 1180 31408 Not Found: /.well-known/appspecific/com.chrome.devtools.json
WARNING 2026-08-30 09:39:22,434 log 1180 31408 "GET /.well-known/appspecific/com.chrome.devtools.json HTTP/1.1" 404 3783
INFO 2026-08-30 09:39:45,053 log 1180 31408 "GET /categories/ HTTP/1.1" 200 17044
INFO 2026-08-30 09:39:48,078 log 1180 31408 "GET /products/ HTTP/1.1" 200 26207
INFO 2026-08-30 09:39:50,544 log 1180 31408 "GET /suppliers/ HTTP/1.1" 200 17162
INFO 2026-08-30 09:39:52,185 log 1180 31408 "GET /inventory/ HTTP/1.1" 200 25933
INFO 2026-08-30 09:39:57,226 log 1180 31408 "GET /inventory/ HTTP/1.1" 200 25933
INFO 2026-08-30 09:40:00,213 log 1180 31408 "GET /suppliers/ HTTP/1.1" 200 17162
INFO 2026-08-30 09:40:02,849 log 1180 31408 "GET /categories/ HTTP/1.1" 200 17044
INFO 2026-08-30 09:40:09,644 log 1180 31408 "GET /categories/4/delete/ HTTP/1.1" 200 13401
INFO 2026-08-30 09:40:11,962 log 1180 31408 "POST /categories/4/delete/ HTTP/1.1" 302 0
INFO 2026-08-30 09:40:11,973 log 1180 31408 "GET /categories/ HTTP/1.1" 200 16242
INFO 2026-08-30 09:40:13,819 log 1180 31408 "GET /categories/1/delete/ HTTP/1.1" 200 13400
ERROR 2026-08-30 09:40:15,582 log 1180 31408 Internal Server Error: /categories/1/delete/
Traceback (most recent call last):
  File "C:\Users\Hp\Documents\Inventory_Management_System\Inventory-management-system\venv\Lib\site-packages\django\core\handlers\exception.py", line 56, in inner
    response = get_response(request)
  File "C:\Users\Hp\Documents\Inventory_Management_System\Inventory-management-system\venv\Lib\site-packages\django\core\handlers\base.py", line 199, in _get_response
    response = wrapped_callback(request, *callback_args, **callback_kwargs)
  File "C:\Users\Hp\Documents\Inventory_Management_System\Inventory-management-system\venv\Lib\site-packages\django\views\generic\base.py", line 105, in view
    return self.dispatch(request, *args, **kwargs)
           ~~~~~~~~~~~~~^^^^^^^^^^^^^^^^^^^^^^^^^^
  File "C:\Users\Hp\Documents\Inventory_Management_System\Inventory-management-system\venv\Lib\site-packages\django\contrib\auth\mixins.py", line 74, in dispatch
    return super().dispatch(request, *args, **kwargs)
           ~~~~~~~~~~~~~~~~^^^^^^^^^^^^^^^^^^^^^^^^^^
  File "C:\Users\Hp\Documents\Inventory_Management_System\Inventory-management-system\venv\Lib\site-packages\django\views\generic\base.py", line 143, in dispatch
    return handler(request, *args, **kwargs)
  File "C:\Users\Hp\Documents\Inventory_Management_System\Inventory-management-system\venv\Lib\site-packages\django\views\generic\edit.py", line 258, in post
    return self.form_valid(form)
           ~~~~~~~~~~~~~~~^^^^^^
  File "C:\Users\Hp\Documents\Inventory_Management_System\Inventory-management-system\venv\Lib\site-packages\django\views\generic\edit.py", line 264, in form_valid
    self.object.delete()
    ~~~~~~~~~~~~~~~~~~^^
  File "C:\Users\Hp\Documents\Inventory_Management_System\Inventory-management-system\venv\Lib\site-packages\django\db\models\base.py", line 1332, in delete
    collector.collect([self], keep_parents=keep_parents)
    ~~~~~~~~~~~~~~~~~^^^^^^^^^^^^^^^^^^^^^^^^^^^^^^^^^^^
  File "C:\Users\Hp\Documents\Inventory_Management_System\Inventory-management-system\venv\Lib\site-packages\django\db\models\deletion.py", line 385, in collect
    raise ProtectedError(
    ...<7 lines>...
    )
django.db.models.deletion.ProtectedError: ("Cannot delete some instances of model 'Category' because they are referenced through protected foreign keys: 'Product.category'.", {<Product: LAP-001 - ThinkPad T14>, <Product: MON-001 - Dell 27" Monitor>, <Product: data - device>, <Product: wertg - wedrfwer>, <Product: sku - data>})
ERROR 2026-08-30 09:40:15,591 log 1180 31408 "POST /categories/1/delete/ HTTP/1.1" 500 107399
INFO 2026-08-30 09:41:24,005 autoreload 1180 17172 C:\Users\Hp\Documents\Inventory_Management_System\Inventory-management-system\apps\categories\views.py changed, reloading.
INFO 2026-08-30 09:41:25,037 autoreload 31308 27592 Watching for file changes with StatReloader
INFO 2026-08-30 09:48:06,071 log 31308 2564 "POST /categories/1/delete/ HTTP/1.1" 302 0
INFO 2026-08-30 09:48:06,094 log 31308 2564 "GET /categories/ HTTP/1.1" 200 16428
INFO 2026-08-30 09:48:09,167 log 31308 2564 "GET /categories/1/delete/ HTTP/1.1" 200 13400
INFO 2026-08-30 09:48:10,742 log 31308 2564 "POST /categories/1/delete/ HTTP/1.1" 302 0
INFO 2026-08-30 09:48:10,754 log 31308 2564 "GET /categories/ HTTP/1.1" 200 16428
INFO 2026-08-30 09:48:13,134 log 31308 2564 "GET /categories/3/delete/ HTTP/1.1" 200 13398
INFO 2026-08-30 09:48:14,632 log 31308 2564 "POST /categories/3/delete/ HTTP/1.1" 302 0
INFO 2026-08-30 09:48:14,645 log 31308 2564 "GET /categories/ HTTP/1.1" 200 16428
INFO 2026-08-30 12:38:45,864 autoreload 5800 6704 Watching for file changes with StatReloader
INFO 2026-08-30 18:48:42,723 log 5800 31876 "GET /categories/ HTTP/1.1" 200 16242
INFO 2026-08-30 23:10:22,851 autoreload 30120 31720 Watching for file changes with StatReloader
INFO 2026-08-31 07:50:04,785 autoreload 23564 31432 Watching for file changes with StatReloader
INFO 2026-08-31 07:50:31,274 log 30120 32100 "GET / HTTP/1.1" 302 0
INFO 2026-08-31 07:50:31,597 log 30120 32100 "GET /products/ HTTP/1.1" 302 0
INFO 2026-08-31 07:50:31,745 log 30120 32100 "GET /accounts/login/?next=/products/ HTTP/1.1" 200 10313
INFO 2026-08-31 07:50:31,841 log 30120 32100 "GET /static/css/base.css HTTP/1.1" 304 0
INFO 2026-08-31 07:50:31,865 log 30120 32100 "GET /static/css/auth.css HTTP/1.1" 304 0
INFO 2026-08-31 07:50:32,444 log 30120 32100 "GET /static/images/warehouse_bg.jpg HTTP/1.1" 304 0
WARNING 2026-08-31 07:50:33,362 log 30120 32100 Not Found: /favicon.ico
WARNING 2026-08-31 07:50:33,365 log 30120 32100 "GET /favicon.ico HTTP/1.1" 404 3672
INFO 2026-08-31 07:50:36,068 log 30120 32100 "GET /accounts/register/ HTTP/1.1" 200 10411
INFO 2026-08-31 07:51:22,452 log 30120 32100 "POST /accounts/register/ HTTP/1.1" 302 0
INFO 2026-08-31 07:51:22,466 log 30120 32100 "GET /accounts/login/ HTTP/1.1" 200 10313
INFO 2026-08-31 07:51:27,411 log 30120 32100 "POST /accounts/login/ HTTP/1.1" 200 10556
INFO 2026-08-31 07:51:37,671 log 30120 32100 "POST /accounts/login/ HTTP/1.1" 302 0
INFO 2026-08-31 07:51:37,681 log 30120 32100 "GET / HTTP/1.1" 302 0
INFO 2026-08-31 07:51:37,831 log 30120 32100 "GET /products/ HTTP/1.1" 200 14825
INFO 2026-08-31 07:51:37,919 log 30120 19076 "GET /static/css/components.css HTTP/1.1" 304 0
INFO 2026-08-31 07:51:37,921 log 30120 32100 "GET /static/css/layout.css HTTP/1.1" 304 0
INFO 2026-08-31 07:51:37,926 log 30120 24036 "GET /static/css/forms.css HTTP/1.1" 304 0
INFO 2026-08-31 07:51:37,927 log 30120 13900 "GET /static/css/tables.css HTTP/1.1" 304 0
INFO 2026-08-31 07:51:44,098 log 30120 13900 "GET /products/new/ HTTP/1.1" 200 15892
INFO 2026-08-31 07:52:42,058 log 30120 13900 "GET /inventory/ HTTP/1.1" 200 22791
INFO 2026-08-31 07:52:42,107 log 30120 13900 "GET /static/css/dashboard.css HTTP/1.1" 304 0
INFO 2026-08-31 07:52:50,228 log 30120 13900 "GET /categories/ HTTP/1.1" 200 14330
INFO 2026-08-31 07:52:56,829 log 30120 13900 "GET /categories/new/ HTTP/1.1" 200 13636
INFO 2026-08-31 07:53:09,370 log 30120 13900 "POST /categories/new/ HTTP/1.1" 302 0
INFO 2026-08-31 07:53:09,498 log 30120 13900 "GET /categories/ HTTP/1.1" 200 14708
INFO 2026-08-31 07:53:14,917 log 30120 13900 "GET /products/ HTTP/1.1" 200 14825
INFO 2026-08-31 07:53:24,633 log 30120 13900 "GET /products/new/ HTTP/1.1" 200 15927
INFO 2026-08-31 07:53:34,984 log 30120 13900 "GET /suppliers/ HTTP/1.1" 200 14371
INFO 2026-08-31 07:53:37,843 log 30120 13900 "GET /suppliers/new/ HTTP/1.1" 200 14784
INFO 2026-08-31 07:54:10,938 log 30120 13900 "POST /suppliers/new/ HTTP/1.1" 302 0
INFO 2026-08-31 07:54:11,060 log 30120 13900 "GET /suppliers/ HTTP/1.1" 200 15619
INFO 2026-08-31 07:54:14,802 log 30120 13900 "GET /customers/ HTTP/1.1" 200 14476
INFO 2026-08-31 07:54:18,900 log 30120 13900 "GET /customers/new/ HTTP/1.1" 200 14208
INFO 2026-08-31 07:54:46,643 log 30120 13900 "POST /customers/new/ HTTP/1.1" 302 0
INFO 2026-08-31 07:54:46,769 log 30120 13900 "GET /customers/ HTTP/1.1" 200 15452
INFO 2026-08-31 07:54:51,522 log 30120 13900 "GET /orders/ HTTP/1.1" 200 13998
INFO 2026-08-31 07:54:55,813 log 30120 13900 "GET /orders/new/ HTTP/1.1" 200 17364
INFO 2026-08-31 07:55:10,065 log 30120 13900 "GET /products/ HTTP/1.1" 200 14825
INFO 2026-08-31 07:55:12,101 log 30120 13900 "GET /products/new/ HTTP/1.1" 200 15980
INFO 2026-08-31 07:55:38,299 log 30120 13900 "POST /products/new/ HTTP/1.1" 200 16374
INFO 2026-08-31 07:55:56,365 log 30120 13900 "GET /inventory/ HTTP/1.1" 200 23411
INFO 2026-08-31 07:56:10,895 log 30120 13900 "GET /customers/ HTTP/1.1" 200 15301
INFO 2026-08-31 07:56:45,096 log 30120 13900 "GET / HTTP/1.1" 302 0
INFO 2026-08-31 07:56:45,360 log 30120 13900 "GET /products/ HTTP/1.1" 200 15942
INFO 2026-08-31 07:58:13,044 log 30120 13900 "GET /admin HTTP/1.1" 301 0
INFO 2026-08-31 07:58:13,355 log 30120 13900 "GET /admin/ HTTP/1.1" 302 0
INFO 2026-08-31 07:58:13,535 log 30120 13900 "GET /admin/login/?next=/admin/ HTTP/1.1" 200 3830
INFO 2026-08-31 07:58:13,979 log 30120 13900 "GET /static/admin/css/base.css HTTP/1.1" 200 24538
INFO 2026-08-31 07:58:13,997 log 30120 19968 "GET /static/admin/css/dark_mode.css HTTP/1.1" 200 3583
INFO 2026-08-31 07:58:14,013 log 30120 16140 "GET /static/admin/css/nav_sidebar.css HTTP/1.1" 200 2814
INFO 2026-08-31 07:58:14,120 log 30120 27312 "GET /static/admin/css/login.css HTTP/1.1" 200 951
INFO 2026-08-31 07:58:14,124 log 30120 18120 "GET /static/admin/js/theme.js HTTP/1.1" 200 1708
INFO 2026-08-31 07:58:14,128 log 30120 28680 "GET /static/admin/css/responsive.css HTTP/1.1" 200 15025
INFO 2026-08-31 07:58:14,327 log 30120 28680 "GET /static/admin/js/nav_sidebar.js HTTP/1.1" 200 3208
INFO 2026-08-31 07:59:21,805 log 30120 28680 "GET /admin/ HTTP/1.1" 302 0
INFO 2026-08-31 07:59:21,999 log 30120 28680 "GET /admin/login/?next=/admin/ HTTP/1.1" 200 3830
INFO 2026-08-31 07:59:37,985 log 30120 28680 "POST /admin/login/?next=/admin/ HTTP/1.1" 200 3998
WARNING 2026-08-31 07:59:56,497 log 30120 28680 Not Found: /.well-known/appspecific/com.chrome.devtools.json
WARNING 2026-08-31 07:59:56,498 log 30120 28680 "GET /.well-known/appspecific/com.chrome.devtools.json HTTP/1.1" 404 3783
INFO 2026-08-31 08:00:08,559 log 30120 28680 "POST /admin/login/?next=/admin/ HTTP/1.1" 200 3998
WARNING 2026-08-31 08:00:08,707 log 30120 28680 Not Found: /.well-known/appspecific/com.chrome.devtools.json
WARNING 2026-08-31 08:00:08,709 log 30120 28680 "GET /.well-known/appspecific/com.chrome.devtools.json HTTP/1.1" 404 3783
INFO 2026-08-31 08:00:49,289 log 30120 28680 "GET /admin/ HTTP/1.1" 302 0
INFO 2026-08-31 08:00:49,491 log 30120 28680 "GET /admin/login/?next=/admin/ HTTP/1.1" 200 3830
INFO 2026-08-31 08:01:03,874 log 30120 28680 "POST /admin/login/?next=/admin/ HTTP/1.1" 200 3998
INFO 2026-08-31 08:01:37,410 log 30120 20888 "GET /admin HTTP/1.1" 301 0
INFO 2026-08-31 08:01:37,419 log 30120 20888 "GET /admin/ HTTP/1.1" 302 0
INFO 2026-08-31 08:01:37,450 log 30120 20888 "GET /admin/login/?next=/admin/ HTTP/1.1" 200 4307
INFO 2026-08-31 08:01:37,553 log 30120 20888 "GET /static/admin/css/base.css HTTP/1.1" 200 24538
INFO 2026-08-31 08:01:37,559 log 30120 30908 "GET /static/admin/css/dark_mode.css HTTP/1.1" 200 3583
INFO 2026-08-31 08:01:37,561 log 30120 11268 "GET /static/admin/js/theme.js HTTP/1.1" 200 1708
INFO 2026-08-31 08:01:37,581 log 30120 11268 "GET /static/admin/css/nav_sidebar.css HTTP/1.1" 200 2814
INFO 2026-08-31 08:01:37,584 log 30120 20888 "GET /static/admin/css/responsive.css HTTP/1.1" 200 15025
INFO 2026-08-31 08:01:37,586 log 30120 30908 "GET /static/admin/css/login.css HTTP/1.1" 200 951
INFO 2026-08-31 08:01:37,592 log 30120 30908 "GET /static/admin/js/nav_sidebar.js HTTP/1.1" 200 3208
INFO 2026-08-31 08:01:45,358 log 30120 30908 "POST /admin/login/?next=/admin/ HTTP/1.1" 200 4475
INFO 2026-08-31 08:01:55,831 log 30120 30908 "POST /admin/login/?next=/admin/ HTTP/1.1" 200 4475
INFO 2026-08-31 08:02:00,031 log 30120 30908 "POST /admin/login/?next=/admin/ HTTP/1.1" 200 4484
WARNING 2026-08-31 08:02:03,485 log 30120 30908 Not Found: /.well-known/appspecific/com.chrome.devtools.json
WARNING 2026-08-31 08:02:03,486 log 30120 30908 "GET /.well-known/appspecific/com.chrome.devtools.json HTTP/1.1" 404 3783
INFO 2026-08-31 08:02:11,519 log 30120 30908 "POST /admin/login/?next=/admin/ HTTP/1.1" 200 4484
WARNING 2026-08-31 08:02:11,655 log 30120 30908 Not Found: /.well-known/appspecific/com.chrome.devtools.json
WARNING 2026-08-31 08:02:11,657 log 30120 30908 "GET /.well-known/appspecific/com.chrome.devtools.json HTTP/1.1" 404 3783
INFO 2026-08-31 08:03:01,770 log 30120 30908 "POST /admin/login/?next=/admin/ HTTP/1.1" 200 4475
WARNING 2026-08-31 08:03:01,882 log 30120 30908 Not Found: /.well-known/appspecific/com.chrome.devtools.json
WARNING 2026-08-31 08:03:01,886 log 30120 30908 "GET /.well-known/appspecific/com.chrome.devtools.json HTTP/1.1" 404 3783
INFO 2026-08-31 08:03:27,506 log 30120 28680 "GET /admin/ HTTP/1.1" 302 0
INFO 2026-08-31 08:03:27,710 log 30120 28680 "GET /admin/login/?next=/admin/ HTTP/1.1" 200 3830
INFO 2026-08-31 08:03:38,310 log 30120 28680 "POST /admin/login/?next=/admin/ HTTP/1.1" 200 4007
INFO 2026-08-31 08:04:54,166 log 30120 28680 "POST /admin/login/?next=/admin/ HTTP/1.1" 200 4007
INFO 2026-08-31 08:05:33,908 log 30120 28680 "POST /admin/login/?next=/admin/ HTTP/1.1" 200 4007
INFO 2026-08-31 08:05:46,198 log 30120 28680 "POST /admin/login/?next=/admin/ HTTP/1.1" 200 4007
WARNING 2026-08-31 08:05:49,288 log 30120 28680 Not Found: /.well-known/appspecific/com.chrome.devtools.json
WARNING 2026-08-31 08:05:49,290 log 30120 28680 "GET /.well-known/appspecific/com.chrome.devtools.json HTTP/1.1" 404 3783
INFO 2026-08-31 08:06:45,904 log 30120 28680 "POST /admin/login/?next=/admin/ HTTP/1.1" 200 4007
WARNING 2026-08-31 08:06:46,038 log 30120 28680 Not Found: /.well-known/appspecific/com.chrome.devtools.json
WARNING 2026-08-31 08:06:46,039 log 30120 28680 "GET /.well-known/appspecific/com.chrome.devtools.json HTTP/1.1" 404 3783
INFO 2026-08-31 08:06:52,809 log 30120 28680 "POST /admin/login/?next=/admin/ HTTP/1.1" 200 4007
WARNING 2026-08-31 08:06:52,953 log 30120 28680 Not Found: /.well-known/appspecific/com.chrome.devtools.json
WARNING 2026-08-31 08:06:52,955 log 30120 28680 "GET /.well-known/appspecific/com.chrome.devtools.json HTTP/1.1" 404 3783
INFO 2026-08-31 08:07:02,973 log 30120 28680 "POST /admin/login/?next=/admin/ HTTP/1.1" 200 4007
WARNING 2026-08-31 08:07:03,138 log 30120 28680 Not Found: /.well-known/appspecific/com.chrome.devtools.json
WARNING 2026-08-31 08:07:03,139 log 30120 28680 "GET /.well-known/appspecific/com.chrome.devtools.json HTTP/1.1" 404 3783
INFO 2026-08-31 08:07:06,568 log 30120 28680 "POST /admin/login/?next=/admin/ HTTP/1.1" 200 4007
WARNING 2026-08-31 08:07:06,772 log 30120 28680 Not Found: /.well-known/appspecific/com.chrome.devtools.json
WARNING 2026-08-31 08:07:06,773 log 30120 28680 "GET /.well-known/appspecific/com.chrome.devtools.json HTTP/1.1" 404 3783
INFO 2026-08-31 08:16:15,890 log 30120 14696 "GET /products/ HTTP/1.1" 200 15942
INFO 2026-08-31 08:16:19,994 log 30120 14696 "GET /inventory/ HTTP/1.1" 200 23411
INFO 2026-08-31 08:16:21,200 log 30120 14696 "GET /categories/ HTTP/1.1" 200 14557
INFO 2026-08-31 08:16:22,300 log 30120 14696 "GET /products/ HTTP/1.1" 200 15942
INFO 2026-08-31 08:16:23,939 log 30120 14696 "GET /products/ HTTP/1.1" 200 15942
INFO 2026-08-31 11:45:33,692 autoreload 30120 31720 C:\Users\Hp\Documents\Inventory_Management_System\Inventory-management-system\config\settings.py changed, reloading.
INFO 2026-08-31 11:45:34,083 autoreload 23564 31432 C:\Users\Hp\Documents\Inventory_Management_System\Inventory-management-system\config\settings.py changed, reloading.
INFO 2026-08-31 11:45:36,052 autoreload 13716 21628 Watching for file changes with StatReloader
INFO 2026-08-31 11:45:36,052 autoreload 25800 2084 Watching for file changes with StatReloader
INFO 2026-08-31 11:49:22,937 autoreload 13716 21628 C:\Users\Hp\Documents\Inventory_Management_System\Inventory-management-system\config\settings.py changed, reloading.
INFO 2026-08-31 11:49:22,984 autoreload 25800 2084 C:\Users\Hp\Documents\Inventory_Management_System\Inventory-management-system\config\settings.py changed, reloading.
INFO 2026-08-31 11:49:23,939 autoreload 24060 3744 Watching for file changes with StatReloader
INFO 2026-08-31 11:49:23,948 autoreload 1812 31636 Watching for file changes with StatReloader
INFO 2026-08-31 12:20:23,747 autoreload 1812 31636 C:\Users\Hp\Documents\Inventory_Management_System\Inventory-management-system\config\settings.py changed, reloading.
INFO 2026-08-31 12:20:23,928 autoreload 24060 3744 C:\Users\Hp\Documents\Inventory_Management_System\Inventory-management-system\config\settings.py changed, reloading.
INFO 2026-08-31 12:20:25,327 autoreload 28124 27976 Watching for file changes with StatReloader
INFO 2026-08-31 12:20:25,328 autoreload 11200 12440 Watching for file changes with StatReloader
INFO 2026-08-31 12:21:41,261 autoreload 11200 12440 C:\Users\Hp\Documents\Inventory_Management_System\Inventory-management-system\config\settings.py changed, reloading.
INFO 2026-08-31 12:21:42,224 autoreload 12312 1516 Watching for file changes with StatReloader
INFO 2026-08-31 12:21:42,294 autoreload 28124 27976 C:\Users\Hp\Documents\Inventory_Management_System\Inventory-management-system\config\settings.py changed, reloading.
INFO 2026-08-31 12:21:43,284 autoreload 24860 31584 Watching for file changes with StatReloader
INFO 2026-08-31 12:23:36,061 autoreload 7732 23476 Watching for file changes with StatReloader
INFO 2026-08-31 12:23:54,817 basehttp 7732 6484 "GET / HTTP/1.1" 302 0
INFO 2026-08-31 12:23:54,897 basehttp 7732 6484 "GET /products/ HTTP/1.1" 302 0
INFO 2026-08-31 12:23:54,937 basehttp 7732 6484 "GET /accounts/login/?next=/products/ HTTP/1.1" 200 10313
INFO 2026-08-31 12:23:54,959 basehttp 7732 6484 "GET /static/css/base.css HTTP/1.1" 304 0
INFO 2026-08-31 12:23:54,961 basehttp 7732 1200 "GET /static/css/auth.css HTTP/1.1" 304 0
INFO 2026-08-31 12:23:55,482 basehttp 7732 1200 "GET /static/images/warehouse_bg.jpg HTTP/1.1" 304 0
INFO 2026-08-31 12:23:59,598 basehttp 7732 1200 "POST /accounts/login/?next=/products/ HTTP/1.1" 200 10556
INFO 2026-08-31 12:24:01,753 basehttp 7732 1200 "GET /accounts/register/ HTTP/1.1" 200 10411
INFO 2026-08-31 12:24:27,246 basehttp 7732 1200 "POST /accounts/register/ HTTP/1.1" 302 0
INFO 2026-08-31 12:24:27,251 basehttp 7732 1200 "GET /accounts/login/ HTTP/1.1" 200 10313
INFO 2026-08-31 12:24:33,547 basehttp 7732 1200 "POST /accounts/login/ HTTP/1.1" 302 0
INFO 2026-08-31 12:24:33,552 basehttp 7732 1200 "GET / HTTP/1.1" 302 0
INFO 2026-08-31 12:24:33,642 basehttp 7732 1200 "GET /products/ HTTP/1.1" 200 21101
INFO 2026-08-31 12:24:33,678 basehttp 7732 1200 "GET /static/css/layout.css HTTP/1.1" 304 0
INFO 2026-08-31 12:24:33,684 basehttp 7732 6484 "GET /static/css/tables.css HTTP/1.1" 304 0
INFO 2026-08-31 12:24:33,685 basehttp 7732 1200 "GET /static/css/components.css HTTP/1.1" 304 0
INFO 2026-08-31 12:24:33,687 basehttp 7732 5952 "GET /static/css/forms.css HTTP/1.1" 304 0
INFO 2026-08-31 12:24:35,763 basehttp 7732 5952 "GET /categories/ HTTP/1.1" 200 16232
INFO 2026-08-31 12:24:39,422 basehttp 7732 5952 "GET /categories/ HTTP/1.1" 200 16232
INFO 2026-08-31 12:24:40,753 basehttp 7732 5952 "GET /products/ HTTP/1.1" 200 21101
INFO 2026-08-31 12:24:41,773 basehttp 7732 5952 "GET /suppliers/ HTTP/1.1" 200 17152
INFO 2026-08-31 12:24:42,785 basehttp 7732 5952 "GET /inventory/ HTTP/1.1" 200 25923
INFO 2026-08-31 12:24:42,814 basehttp 7732 5952 "GET /static/css/dashboard.css HTTP/1.1" 304 0
INFO 2026-08-31 12:24:43,646 basehttp 7732 5952 "GET /orders/ HTTP/1.1" 200 14000
INFO 2026-08-31 12:24:45,033 basehttp 7732 5952 "GET /customers/ HTTP/1.1" 200 14478
INFO 2026-08-31 12:24:46,629 basehttp 7732 5952 "GET /orders/ HTTP/1.1" 200 14000
INFO 2026-08-31 12:24:47,669 basehttp 7732 5952 "GET /inventory/ HTTP/1.1" 200 25923
INFO 2026-08-31 12:24:48,748 basehttp 7732 5952 "GET /suppliers/ HTTP/1.1" 200 17152
INFO 2026-08-31 12:24:49,621 basehttp 7732 5952 "GET /products/ HTTP/1.1" 200 21101
INFO 2026-08-31 12:24:50,843 basehttp 7732 5952 "GET /categories/ HTTP/1.1" 200 16232
INFO 2026-08-31 12:24:51,916 basehttp 7732 5952 "GET /inventory/ HTTP/1.1" 200 25923
INFO 2026-08-31 12:24:58,761 basehttp 7732 5952 "GET /categories/ HTTP/1.1" 200 16232
INFO 2026-08-31 12:25:01,106 basehttp 7732 5952 "GET /inventory/ HTTP/1.1" 200 25923
INFO 2026-08-31 12:25:02,242 basehttp 7732 5952 "GET /orders/ HTTP/1.1" 200 14000
INFO 2026-08-31 12:25:03,207 basehttp 7732 5952 "GET /customers/ HTTP/1.1" 200 14478
INFO 2026-08-31 12:25:05,552 basehttp 7732 5952 "GET /customers/ HTTP/1.1" 200 14478
INFO 2026-08-31 12:25:06,363 basehttp 7732 5952 "GET /inventory/ HTTP/1.1" 200 25923
INFO 2026-08-31 12:25:07,075 basehttp 7732 5952 "GET /orders/ HTTP/1.1" 200 14000
INFO 2026-09-01 12:19:05,795 basehttp 7732 8820 "GET /orders/ HTTP/1.1" 200 14000
INFO 2026-09-01 12:19:06,927 basehttp 7732 14316 "GET /static/css/forms.css HTTP/1.1" 200 2180
INFO 2026-09-01 12:19:06,928 basehttp 7732 8820 "GET /static/css/tables.css HTTP/1.1" 200 2415
INFO 2026-09-01 12:57:08,120 basehttp 7732 18072 "GET /customers/ HTTP/1.1" 200 14478
INFO 2026-09-01 12:57:08,344 basehttp 7732 18072 "GET /static/css/tables.css HTTP/1.1" 200 2415
INFO 2026-09-01 12:57:08,361 basehttp 7732 16372 "GET /static/css/forms.css HTTP/1.1" 200 2180
INFO 2026-09-01 12:58:08,675 basehttp 7732 16372 - Broken pipe from ('127.0.0.1', 64581)
INFO 2026-09-01 12:58:08,676 basehttp 7732 18072 - Broken pipe from ('127.0.0.1', 65023)
INFO 2026-09-02 12:09:23,752 autoreload 16728 12540 Watching for file changes with StatReloader
INFO 2026-09-02 12:09:54,865 autoreload 3608 13032 Watching for file changes with StatReloader
INFO 2026-09-02 12:13:19,029 autoreload 9220 4204 Watching for file changes with StatReloader
INFO 2026-09-02 12:14:28,289 autoreload 304 4944 Watching for file changes with StatReloader
INFO 2026-09-02 12:14:37,725 basehttp 304 1860 "GET / HTTP/1.1" 302 0
INFO 2026-09-02 12:14:37,755 basehttp 304 1860 "GET /products/ HTTP/1.1" 302 0
INFO 2026-09-02 12:14:37,897 basehttp 304 1860 "GET /accounts/login/?next=/products/ HTTP/1.1" 200 10313
INFO 2026-09-02 12:14:38,042 basehttp 304 16712 "GET /static/css/auth.css HTTP/1.1" 200 6776
INFO 2026-09-02 12:14:38,045 basehttp 304 1860 "GET /static/css/base.css HTTP/1.1" 200 922
INFO 2026-09-02 12:14:38,622 basehttp 304 1860 "GET /static/images/warehouse_bg.jpg HTTP/1.1" 200 816699
WARNING 2026-09-02 12:14:39,403 log 304 1860 Not Found: /favicon.ico
WARNING 2026-09-02 12:14:39,404 basehttp 304 1860 "GET /favicon.ico HTTP/1.1" 404 3115
INFO 2026-09-02 12:14:41,559 basehttp 304 1860 "GET /accounts/register/ HTTP/1.1" 200 10411
INFO 2026-09-02 12:15:18,025 basehttp 304 1860 "POST /accounts/register/ HTTP/1.1" 302 0
INFO 2026-09-02 12:15:18,033 basehttp 304 1860 "GET /accounts/login/ HTTP/1.1" 200 10313
INFO 2026-09-02 12:15:28,175 basehttp 304 1860 "POST /accounts/login/ HTTP/1.1" 302 0
INFO 2026-09-02 12:15:28,184 basehttp 304 1860 "GET / HTTP/1.1" 302 0
INFO 2026-09-02 12:15:28,224 basehttp 304 1860 "GET /products/ HTTP/1.1" 200 14825
INFO 2026-09-02 12:15:28,317 basehttp 304 16712 "GET /static/css/components.css HTTP/1.1" 200 1454
INFO 2026-09-02 12:15:28,318 basehttp 304 1860 "GET /static/css/layout.css HTTP/1.1" 200 3993
INFO 2026-09-02 12:15:28,318 basehttp 304 2740 "GET /static/css/forms.css HTTP/1.1" 200 2180
INFO 2026-09-02 12:15:28,319 basehttp 304 16112 "GET /static/css/tables.css HTTP/1.1" 200 2415
INFO 2026-09-02 12:15:31,863 basehttp 304 1860 "GET /inventory/ HTTP/1.1" 200 22791
INFO 2026-09-02 12:15:31,914 basehttp 304 1860 "GET /static/css/dashboard.css HTTP/1.1" 200 5691
INFO 2026-09-02 12:15:32,959 basehttp 304 1860 "GET /categories/ HTTP/1.1" 200 14330
INFO 2026-09-02 12:25:30,115 basehttp 304 15016 "GET /inventory/ HTTP/1.1" 200 22791
INFO 2026-09-02 12:26:10,970 basehttp 304 15016 "GET /categories/ HTTP/1.1" 200 14330
INFO 2026-09-02 14:55:38,348 autoreload 19328 12676 Watching for file changes with StatReloader
INFO 2026-09-02 14:55:58,966 basehttp 304 2336 "GET / HTTP/1.1" 302 0
INFO 2026-09-02 14:55:59,059 basehttp 304 2336 "GET /products/ HTTP/1.1" 200 21099
INFO 2026-09-02 14:56:02,027 basehttp 304 2336 "GET /products/new/ HTTP/1.1" 200 16126
INFO 2026-09-02 15:53:23,613 autoreload 16600 16596 Watching for file changes with StatReloader
INFO 2026-09-02 15:55:39,632 autoreload 19416 19388 Watching for file changes with StatReloader
INFO 2026-09-02 18:04:29,624 autoreload 8620 15276 Watching for file changes with StatReloader
INFO 2026-09-02 18:04:54,032 basehttp 8620 12308 "GET / HTTP/1.1" 302 0
INFO 2026-09-02 18:04:56,734 basehttp 8620 12308 "GET /products/ HTTP/1.1" 302 0
INFO 2026-09-02 18:04:56,769 basehttp 8620 12308 "GET /accounts/login/?next=/products/ HTTP/1.1" 200 10313
WARNING 2026-09-02 18:04:57,657 log 8620 12308 Not Found: /favicon.ico
WARNING 2026-09-02 18:04:57,658 basehttp 8620 12308 "GET /favicon.ico HTTP/1.1" 404 3600
INFO 2026-09-02 18:07:39,153 basehttp 8620 14616 "POST /accounts/login/?next=/products/ HTTP/1.1" 200 10556
INFO 2026-09-02 20:12:57,187 autoreload 17356 16400 Watching for file changes with StatReloader
INFO 2026-09-02 20:13:07,424 basehttp 17356 22164 "GET /accounts/register/ HTTP/1.1" 200 10411
INFO 2026-09-02 20:13:18,950 basehttp 17356 22164 "GET / HTTP/1.1" 302 0
INFO 2026-09-02 20:13:18,986 basehttp 17356 22164 "GET /products/ HTTP/1.1" 302 0
INFO 2026-09-02 20:13:19,012 basehttp 17356 22164 "GET /accounts/login/?next=/products/ HTTP/1.1" 200 10313
INFO 2026-09-02 20:13:22,586 basehttp 17356 22164 "GET /accounts/register/ HTTP/1.1" 200 10411
INFO 2026-09-02 20:14:15,163 basehttp 17356 22164 "POST /accounts/register/ HTTP/1.1" 200 10954
INFO 2026-09-02 20:14:32,232 basehttp 17356 22164 - Broken pipe from ('127.0.0.1', 64997)
ERROR 2026-09-02 20:14:33,984 log 17356 20880 Internal Server Error: /accounts/register/
Traceback (most recent call last):
  File "C:\Users\Hp\AppData\Local\Python\pythoncore-3.14-64\Lib\site-packages\django\db\backends\utils.py", line 105, in _execute
    return self.cursor.execute(sql, params)
           ~~~~~~~~~~~~~~~~~~~^^^^^^^^^^^^^
  File "C:\Users\Hp\AppData\Local\Python\pythoncore-3.14-64\Lib\site-packages\psycopg\cursor.py", line 117, in execute
    raise ex.with_traceback(None)
psycopg.errors.UniqueViolation: duplicate key value violates unique constraint "auth_user_username_key"
DETAIL:  Key (username)=(karthik@gmail.com) already exists.

The above exception was the direct cause of the following exception:

Traceback (most recent call last):
  File "C:\Users\Hp\AppData\Local\Python\pythoncore-3.14-64\Lib\site-packages\django\core\handlers\exception.py", line 55, in inner
    response = get_response(request)
  File "C:\Users\Hp\AppData\Local\Python\pythoncore-3.14-64\Lib\site-packages\django\core\handlers\base.py", line 197, in _get_response
    response = wrapped_callback(request, *callback_args, **callback_kwargs)
  File "C:\Users\Hp\AppData\Local\Python\pythoncore-3.14-64\Lib\site-packages\django\views\generic\base.py", line 105, in view
    return self.dispatch(request, *args, **kwargs)
           ~~~~~~~~~~~~~^^^^^^^^^^^^^^^^^^^^^^^^^^
  File "C:\Users\Hp\AppData\Local\Python\pythoncore-3.14-64\Lib\site-packages\django\views\generic\base.py", line 144, in dispatch
    return handler(request, *args, **kwargs)
  File "C:\Users\Hp\AppData\Local\Python\pythoncore-3.14-64\Lib\site-packages\django\views\generic\edit.py", line 182, in post
    return super().post(request, *args, **kwargs)
           ~~~~~~~~~~~~^^^^^^^^^^^^^^^^^^^^^^^^^^
  File "C:\Users\Hp\AppData\Local\Python\pythoncore-3.14-64\Lib\site-packages\django\views\generic\edit.py", line 151, in post
    return self.form_valid(form)
           ~~~~~~~~~~~~~~~^^^^^^
  File "C:\Users\Hp\AppData\Local\Python\pythoncore-3.14-64\Lib\site-packages\django\views\generic\edit.py", line 133, in form_valid
    self.object = form.save()
                  ~~~~~~~~~^^
  File "C:\Users\Hp\Documents\Inventory_Management_System\Inventory-management-system\apps\accounts\forms.py", line 31, in save
    user.save()
    ~~~~~~~~~^^
  File "C:\Users\Hp\AppData\Local\Python\pythoncore-3.14-64\Lib\site-packages\django\contrib\auth\base_user.py", line 62, in save
    super().save(*args, **kwargs)
    ~~~~~~~~~~~~^^^^^^^^^^^^^^^^^
  File "C:\Users\Hp\AppData\Local\Python\pythoncore-3.14-64\Lib\site-packages\django\db\models\base.py", line 892, in save
    self.save_base(
    ~~~~~~~~~~~~~~^
        using=using,
        ^^^^^^^^^^^^
    ...<2 lines>...
        update_fields=update_fields,
        ^^^^^^^^^^^^^^^^^^^^^^^^^^^^
    )
    ^
  File "C:\Users\Hp\AppData\Local\Python\pythoncore-3.14-64\Lib\site-packages\django\db\models\base.py", line 998, in save_base
    updated = self._save_table(
        raw,
    ...<4 lines>...
        update_fields,
    )
  File "C:\Users\Hp\AppData\Local\Python\pythoncore-3.14-64\Lib\site-packages\django\db\models\base.py", line 1161, in _save_table
    results = self._do_insert(
        cls._base_manager, using, fields, returning_fields, raw
    )
  File "C:\Users\Hp\AppData\Local\Python\pythoncore-3.14-64\Lib\site-packages\django\db\models\base.py", line 1202, in _do_insert
    return manager._insert(
           ~~~~~~~~~~~~~~~^
        [self],
        ^^^^^^^
    ...<3 lines>...
        raw=raw,
        ^^^^^^^^
    )
    ^
  File "C:\Users\Hp\AppData\Local\Python\pythoncore-3.14-64\Lib\site-packages\django\db\models\manager.py", line 87, in manager_method
    return getattr(self.get_queryset(), name)(*args, **kwargs)
           ~~~~~~~~~~~~~~~~~~~~~~~~~~~~~~~~~~^^^^^^^^^^^^^^^^^
  File "C:\Users\Hp\AppData\Local\Python\pythoncore-3.14-64\Lib\site-packages\django\db\models\query.py", line 1852, in _insert
    return query.get_compiler(using=using).execute_sql(returning_fields)
           ~~~~~~~~~~~~~~~~~~~~~~~~~~~~~~~~~~~~~~~~~~~^^^^^^^^^^^^^^^^^^
  File "C:\Users\Hp\AppData\Local\Python\pythoncore-3.14-64\Lib\site-packages\django\db\models\sql\compiler.py", line 1836, in execute_sql
    cursor.execute(sql, params)
    ~~~~~~~~~~~~~~^^^^^^^^^^^^^
  File "C:\Users\Hp\AppData\Local\Python\pythoncore-3.14-64\Lib\site-packages\django\db\backends\utils.py", line 122, in execute
    return super().execute(sql, params)
           ~~~~~~~~~~~~~~~^^^^^^^^^^^^^
  File "C:\Users\Hp\AppData\Local\Python\pythoncore-3.14-64\Lib\site-packages\django\db\backends\utils.py", line 79, in execute
    return self._execute_with_wrappers(
           ~~~~~~~~~~~~~~~~~~~~~~~~~~~^
        sql, params, many=False, executor=self._execute
        ^^^^^^^^^^^^^^^^^^^^^^^^^^^^^^^^^^^^^^^^^^^^^^^
    )
    ^
  File "C:\Users\Hp\AppData\Local\Python\pythoncore-3.14-64\Lib\site-packages\django\db\backends\utils.py", line 92, in _execute_with_wrappers
    return executor(sql, params, many, context)
  File "C:\Users\Hp\AppData\Local\Python\pythoncore-3.14-64\Lib\site-packages\django\db\backends\utils.py", line 100, in _execute
    with self.db.wrap_database_errors:
         ^^^^^^^^^^^^^^^^^^^^^^^^^^^^
  File "C:\Users\Hp\AppData\Local\Python\pythoncore-3.14-64\Lib\site-packages\django\db\utils.py", line 91, in __exit__
    raise dj_exc_value.with_traceback(traceback) from exc_value
  File "C:\Users\Hp\AppData\Local\Python\pythoncore-3.14-64\Lib\site-packages\django\db\backends\utils.py", line 105, in _execute
    return self.cursor.execute(sql, params)
           ~~~~~~~~~~~~~~~~~~~^^^^^^^^^^^^^
  File "C:\Users\Hp\AppData\Local\Python\pythoncore-3.14-64\Lib\site-packages\psycopg\cursor.py", line 117, in execute
    raise ex.with_traceback(None)
django.db.utils.IntegrityError: duplicate key value violates unique constraint "auth_user_username_key"
DETAIL:  Key (username)=(karthik@gmail.com) already exists.
INFO 2026-09-02 20:14:34,008 basehttp 17356 20880 - Broken pipe from ('127.0.0.1', 49880)
ERROR 2026-09-02 20:14:34,194 log 17356 20112 Internal Server Error: /accounts/register/
Traceback (most recent call last):
  File "C:\Users\Hp\AppData\Local\Python\pythoncore-3.14-64\Lib\site-packages\django\db\backends\utils.py", line 105, in _execute
    return self.cursor.execute(sql, params)
           ~~~~~~~~~~~~~~~~~~~^^^^^^^^^^^^^
  File "C:\Users\Hp\AppData\Local\Python\pythoncore-3.14-64\Lib\site-packages\psycopg\cursor.py", line 117, in execute
    raise ex.with_traceback(None)
psycopg.errors.UniqueViolation: duplicate key value violates unique constraint "auth_user_username_key"
DETAIL:  Key (username)=(karthik@gmail.com) already exists.

The above exception was the direct cause of the following exception:

Traceback (most recent call last):
  File "C:\Users\Hp\AppData\Local\Python\pythoncore-3.14-64\Lib\site-packages\django\core\handlers\exception.py", line 55, in inner
    response = get_response(request)
  File "C:\Users\Hp\AppData\Local\Python\pythoncore-3.14-64\Lib\site-packages\django\core\handlers\base.py", line 197, in _get_response
    response = wrapped_callback(request, *callback_args, **callback_kwargs)
  File "C:\Users\Hp\AppData\Local\Python\pythoncore-3.14-64\Lib\site-packages\django\views\generic\base.py", line 105, in view
    return self.dispatch(request, *args, **kwargs)
           ~~~~~~~~~~~~~^^^^^^^^^^^^^^^^^^^^^^^^^^
  File "C:\Users\Hp\AppData\Local\Python\pythoncore-3.14-64\Lib\site-packages\django\views\generic\base.py", line 144, in dispatch
    return handler(request, *args, **kwargs)
  File "C:\Users\Hp\AppData\Local\Python\pythoncore-3.14-64\Lib\site-packages\django\views\generic\edit.py", line 182, in post
    return super().post(request, *args, **kwargs)
           ~~~~~~~~~~~~^^^^^^^^^^^^^^^^^^^^^^^^^^
  File "C:\Users\Hp\AppData\Local\Python\pythoncore-3.14-64\Lib\site-packages\django\views\generic\edit.py", line 151, in post
    return self.form_valid(form)
           ~~~~~~~~~~~~~~~^^^^^^
  File "C:\Users\Hp\AppData\Local\Python\pythoncore-3.14-64\Lib\site-packages\django\views\generic\edit.py", line 133, in form_valid
    self.object = form.save()
                  ~~~~~~~~~^^
  File "C:\Users\Hp\Documents\Inventory_Management_System\Inventory-management-system\apps\accounts\forms.py", line 31, in save
    user.save()
    ~~~~~~~~~^^
  File "C:\Users\Hp\AppData\Local\Python\pythoncore-3.14-64\Lib\site-packages\django\contrib\auth\base_user.py", line 62, in save
    super().save(*args, **kwargs)
    ~~~~~~~~~~~~^^^^^^^^^^^^^^^^^
  File "C:\Users\Hp\AppData\Local\Python\pythoncore-3.14-64\Lib\site-packages\django\db\models\base.py", line 892, in save
    self.save_base(
    ~~~~~~~~~~~~~~^
        using=using,
        ^^^^^^^^^^^^
    ...<2 lines>...
        update_fields=update_fields,
        ^^^^^^^^^^^^^^^^^^^^^^^^^^^^
    )
    ^
  File "C:\Users\Hp\AppData\Local\Python\pythoncore-3.14-64\Lib\site-packages\django\db\models\base.py", line 998, in save_base
    updated = self._save_table(
        raw,
    ...<4 lines>...
        update_fields,
    )
  File "C:\Users\Hp\AppData\Local\Python\pythoncore-3.14-64\Lib\site-packages\django\db\models\base.py", line 1161, in _save_table
    results = self._do_insert(
        cls._base_manager, using, fields, returning_fields, raw
    )
  File "C:\Users\Hp\AppData\Local\Python\pythoncore-3.14-64\Lib\site-packages\django\db\models\base.py", line 1202, in _do_insert
    return manager._insert(
           ~~~~~~~~~~~~~~~^
        [self],
        ^^^^^^^
    ...<3 lines>...
        raw=raw,
        ^^^^^^^^
    )
    ^
  File "C:\Users\Hp\AppData\Local\Python\pythoncore-3.14-64\Lib\site-packages\django\db\models\manager.py", line 87, in manager_method
    return getattr(self.get_queryset(), name)(*args, **kwargs)
           ~~~~~~~~~~~~~~~~~~~~~~~~~~~~~~~~~~^^^^^^^^^^^^^^^^^
  File "C:\Users\Hp\AppData\Local\Python\pythoncore-3.14-64\Lib\site-packages\django\db\models\query.py", line 1852, in _insert
    return query.get_compiler(using=using).execute_sql(returning_fields)
           ~~~~~~~~~~~~~~~~~~~~~~~~~~~~~~~~~~~~~~~~~~~^^^^^^^^^^^^^^^^^^
  File "C:\Users\Hp\AppData\Local\Python\pythoncore-3.14-64\Lib\site-packages\django\db\models\sql\compiler.py", line 1836, in execute_sql
    cursor.execute(sql, params)
    ~~~~~~~~~~~~~~^^^^^^^^^^^^^
  File "C:\Users\Hp\AppData\Local\Python\pythoncore-3.14-64\Lib\site-packages\django\db\backends\utils.py", line 122, in execute
    return super().execute(sql, params)
           ~~~~~~~~~~~~~~~^^^^^^^^^^^^^
  File "C:\Users\Hp\AppData\Local\Python\pythoncore-3.14-64\Lib\site-packages\django\db\backends\utils.py", line 79, in execute
    return self._execute_with_wrappers(
           ~~~~~~~~~~~~~~~~~~~~~~~~~~~^
        sql, params, many=False, executor=self._execute
        ^^^^^^^^^^^^^^^^^^^^^^^^^^^^^^^^^^^^^^^^^^^^^^^
    )
    ^
  File "C:\Users\Hp\AppData\Local\Python\pythoncore-3.14-64\Lib\site-packages\django\db\backends\utils.py", line 92, in _execute_with_wrappers
    return executor(sql, params, many, context)
  File "C:\Users\Hp\AppData\Local\Python\pythoncore-3.14-64\Lib\site-packages\django\db\backends\utils.py", line 100, in _execute
    with self.db.wrap_database_errors:
         ^^^^^^^^^^^^^^^^^^^^^^^^^^^^
  File "C:\Users\Hp\AppData\Local\Python\pythoncore-3.14-64\Lib\site-packages\django\db\utils.py", line 91, in __exit__
    raise dj_exc_value.with_traceback(traceback) from exc_value
  File "C:\Users\Hp\AppData\Local\Python\pythoncore-3.14-64\Lib\site-packages\django\db\backends\utils.py", line 105, in _execute
    return self.cursor.execute(sql, params)
           ~~~~~~~~~~~~~~~~~~~^^^^^^^^^^^^^
  File "C:\Users\Hp\AppData\Local\Python\pythoncore-3.14-64\Lib\site-packages\psycopg\cursor.py", line 117, in execute
    raise ex.with_traceback(None)
django.db.utils.IntegrityError: duplicate key value violates unique constraint "auth_user_username_key"
DETAIL:  Key (username)=(karthik@gmail.com) already exists.
INFO 2026-09-02 20:14:34,208 basehttp 17356 20112 - Broken pipe from ('127.0.0.1', 54496)
ERROR 2026-09-02 20:14:34,402 log 17356 22148 Internal Server Error: /accounts/register/
Traceback (most recent call last):
  File "C:\Users\Hp\AppData\Local\Python\pythoncore-3.14-64\Lib\site-packages\django\db\backends\utils.py", line 105, in _execute
    return self.cursor.execute(sql, params)
           ~~~~~~~~~~~~~~~~~~~^^^^^^^^^^^^^
  File "C:\Users\Hp\AppData\Local\Python\pythoncore-3.14-64\Lib\site-packages\psycopg\cursor.py", line 117, in execute
    raise ex.with_traceback(None)
psycopg.errors.UniqueViolation: duplicate key value violates unique constraint "auth_user_username_key"
DETAIL:  Key (username)=(karthik@gmail.com) already exists.

The above exception was the direct cause of the following exception:

Traceback (most recent call last):
  File "C:\Users\Hp\AppData\Local\Python\pythoncore-3.14-64\Lib\site-packages\django\core\handlers\exception.py", line 55, in inner
    response = get_response(request)
  File "C:\Users\Hp\AppData\Local\Python\pythoncore-3.14-64\Lib\site-packages\django\core\handlers\base.py", line 197, in _get_response
    response = wrapped_callback(request, *callback_args, **callback_kwargs)
  File "C:\Users\Hp\AppData\Local\Python\pythoncore-3.14-64\Lib\site-packages\django\views\generic\base.py", line 105, in view
    return self.dispatch(request, *args, **kwargs)
           ~~~~~~~~~~~~~^^^^^^^^^^^^^^^^^^^^^^^^^^
  File "C:\Users\Hp\AppData\Local\Python\pythoncore-3.14-64\Lib\site-packages\django\views\generic\base.py", line 144, in dispatch
    return handler(request, *args, **kwargs)
  File "C:\Users\Hp\AppData\Local\Python\pythoncore-3.14-64\Lib\site-packages\django\views\generic\edit.py", line 182, in post
    return super().post(request, *args, **kwargs)
           ~~~~~~~~~~~~^^^^^^^^^^^^^^^^^^^^^^^^^^
  File "C:\Users\Hp\AppData\Local\Python\pythoncore-3.14-64\Lib\site-packages\django\views\generic\edit.py", line 151, in post
    return self.form_valid(form)
           ~~~~~~~~~~~~~~~^^^^^^
  File "C:\Users\Hp\AppData\Local\Python\pythoncore-3.14-64\Lib\site-packages\django\views\generic\edit.py", line 133, in form_valid
    self.object = form.save()
                  ~~~~~~~~~^^
  File "C:\Users\Hp\Documents\Inventory_Management_System\Inventory-management-system\apps\accounts\forms.py", line 31, in save
    user.save()
    ~~~~~~~~~^^
  File "C:\Users\Hp\AppData\Local\Python\pythoncore-3.14-64\Lib\site-packages\django\contrib\auth\base_user.py", line 62, in save
    super().save(*args, **kwargs)
    ~~~~~~~~~~~~^^^^^^^^^^^^^^^^^
  File "C:\Users\Hp\AppData\Local\Python\pythoncore-3.14-64\Lib\site-packages\django\db\models\base.py", line 892, in save
    self.save_base(
    ~~~~~~~~~~~~~~^
        using=using,
        ^^^^^^^^^^^^
    ...<2 lines>...
        update_fields=update_fields,
        ^^^^^^^^^^^^^^^^^^^^^^^^^^^^
    )
    ^
  File "C:\Users\Hp\AppData\Local\Python\pythoncore-3.14-64\Lib\site-packages\django\db\models\base.py", line 998, in save_base
    updated = self._save_table(
        raw,
    ...<4 lines>...
        update_fields,
    )
  File "C:\Users\Hp\AppData\Local\Python\pythoncore-3.14-64\Lib\site-packages\django\db\models\base.py", line 1161, in _save_table
    results = self._do_insert(
        cls._base_manager, using, fields, returning_fields, raw
    )
  File "C:\Users\Hp\AppData\Local\Python\pythoncore-3.14-64\Lib\site-packages\django\db\models\base.py", line 1202, in _do_insert
    return manager._insert(
           ~~~~~~~~~~~~~~~^
        [self],
        ^^^^^^^
    ...<3 lines>...
        raw=raw,
        ^^^^^^^^
    )
    ^
  File "C:\Users\Hp\AppData\Local\Python\pythoncore-3.14-64\Lib\site-packages\django\db\models\manager.py", line 87, in manager_method
    return getattr(self.get_queryset(), name)(*args, **kwargs)
           ~~~~~~~~~~~~~~~~~~~~~~~~~~~~~~~~~~^^^^^^^^^^^^^^^^^
  File "C:\Users\Hp\AppData\Local\Python\pythoncore-3.14-64\Lib\site-packages\django\db\models\query.py", line 1852, in _insert
    return query.get_compiler(using=using).execute_sql(returning_fields)
           ~~~~~~~~~~~~~~~~~~~~~~~~~~~~~~~~~~~~~~~~~~~^^^^^^^^^^^^^^^^^^
  File "C:\Users\Hp\AppData\Local\Python\pythoncore-3.14-64\Lib\site-packages\django\db\models\sql\compiler.py", line 1836, in execute_sql
    cursor.execute(sql, params)
    ~~~~~~~~~~~~~~^^^^^^^^^^^^^
  File "C:\Users\Hp\AppData\Local\Python\pythoncore-3.14-64\Lib\site-packages\django\db\backends\utils.py", line 122, in execute
    return super().execute(sql, params)
           ~~~~~~~~~~~~~~~^^^^^^^^^^^^^
  File "C:\Users\Hp\AppData\Local\Python\pythoncore-3.14-64\Lib\site-packages\django\db\backends\utils.py", line 79, in execute
    return self._execute_with_wrappers(
           ~~~~~~~~~~~~~~~~~~~~~~~~~~~^
        sql, params, many=False, executor=self._execute
        ^^^^^^^^^^^^^^^^^^^^^^^^^^^^^^^^^^^^^^^^^^^^^^^
    )
    ^
  File "C:\Users\Hp\AppData\Local\Python\pythoncore-3.14-64\Lib\site-packages\django\db\backends\utils.py", line 92, in _execute_with_wrappers
    return executor(sql, params, many, context)
  File "C:\Users\Hp\AppData\Local\Python\pythoncore-3.14-64\Lib\site-packages\django\db\backends\utils.py", line 100, in _execute
    with self.db.wrap_database_errors:
         ^^^^^^^^^^^^^^^^^^^^^^^^^^^^
  File "C:\Users\Hp\AppData\Local\Python\pythoncore-3.14-64\Lib\site-packages\django\db\utils.py", line 91, in __exit__
    raise dj_exc_value.with_traceback(traceback) from exc_value
  File "C:\Users\Hp\AppData\Local\Python\pythoncore-3.14-64\Lib\site-packages\django\db\backends\utils.py", line 105, in _execute
    return self.cursor.execute(sql, params)
           ~~~~~~~~~~~~~~~~~~~^^^^^^^^^^^^^
  File "C:\Users\Hp\AppData\Local\Python\pythoncore-3.14-64\Lib\site-packages\psycopg\cursor.py", line 117, in execute
    raise ex.with_traceback(None)
django.db.utils.IntegrityError: duplicate key value violates unique constraint "auth_user_username_key"
DETAIL:  Key (username)=(karthik@gmail.com) already exists.
INFO 2026-09-02 20:14:34,413 basehttp 17356 22148 - Broken pipe from ('127.0.0.1', 65437)
ERROR 2026-09-02 20:14:34,731 log 17356 3748 Internal Server Error: /accounts/register/
Traceback (most recent call last):
  File "C:\Users\Hp\AppData\Local\Python\pythoncore-3.14-64\Lib\site-packages\django\db\backends\utils.py", line 105, in _execute
    return self.cursor.execute(sql, params)
           ~~~~~~~~~~~~~~~~~~~^^^^^^^^^^^^^
  File "C:\Users\Hp\AppData\Local\Python\pythoncore-3.14-64\Lib\site-packages\psycopg\cursor.py", line 117, in execute
    raise ex.with_traceback(None)
psycopg.errors.UniqueViolation: duplicate key value violates unique constraint "auth_user_username_key"
DETAIL:  Key (username)=(karthik@gmail.com) already exists.

The above exception was the direct cause of the following exception:

Traceback (most recent call last):
  File "C:\Users\Hp\AppData\Local\Python\pythoncore-3.14-64\Lib\site-packages\django\core\handlers\exception.py", line 55, in inner
    response = get_response(request)
  File "C:\Users\Hp\AppData\Local\Python\pythoncore-3.14-64\Lib\site-packages\django\core\handlers\base.py", line 197, in _get_response
    response = wrapped_callback(request, *callback_args, **callback_kwargs)
  File "C:\Users\Hp\AppData\Local\Python\pythoncore-3.14-64\Lib\site-packages\django\views\generic\base.py", line 105, in view
    return self.dispatch(request, *args, **kwargs)
           ~~~~~~~~~~~~~^^^^^^^^^^^^^^^^^^^^^^^^^^
  File "C:\Users\Hp\AppData\Local\Python\pythoncore-3.14-64\Lib\site-packages\django\views\generic\base.py", line 144, in dispatch
    return handler(request, *args, **kwargs)
  File "C:\Users\Hp\AppData\Local\Python\pythoncore-3.14-64\Lib\site-packages\django\views\generic\edit.py", line 182, in post
    return super().post(request, *args, **kwargs)
           ~~~~~~~~~~~~^^^^^^^^^^^^^^^^^^^^^^^^^^
  File "C:\Users\Hp\AppData\Local\Python\pythoncore-3.14-64\Lib\site-packages\django\views\generic\edit.py", line 151, in post
    return self.form_valid(form)
           ~~~~~~~~~~~~~~~^^^^^^
  File "C:\Users\Hp\AppData\Local\Python\pythoncore-3.14-64\Lib\site-packages\django\views\generic\edit.py", line 133, in form_valid
    self.object = form.save()
                  ~~~~~~~~~^^
  File "C:\Users\Hp\Documents\Inventory_Management_System\Inventory-management-system\apps\accounts\forms.py", line 31, in save
    user.save()
    ~~~~~~~~~^^
  File "C:\Users\Hp\AppData\Local\Python\pythoncore-3.14-64\Lib\site-packages\django\contrib\auth\base_user.py", line 62, in save
    super().save(*args, **kwargs)
    ~~~~~~~~~~~~^^^^^^^^^^^^^^^^^
  File "C:\Users\Hp\AppData\Local\Python\pythoncore-3.14-64\Lib\site-packages\django\db\models\base.py", line 892, in save
    self.save_base(
    ~~~~~~~~~~~~~~^
        using=using,
        ^^^^^^^^^^^^
    ...<2 lines>...
        update_fields=update_fields,
        ^^^^^^^^^^^^^^^^^^^^^^^^^^^^
    )
    ^
  File "C:\Users\Hp\AppData\Local\Python\pythoncore-3.14-64\Lib\site-packages\django\db\models\base.py", line 998, in save_base
    updated = self._save_table(
        raw,
    ...<4 lines>...
        update_fields,
    )
  File "C:\Users\Hp\AppData\Local\Python\pythoncore-3.14-64\Lib\site-packages\django\db\models\base.py", line 1161, in _save_table
    results = self._do_insert(
        cls._base_manager, using, fields, returning_fields, raw
    )
  File "C:\Users\Hp\AppData\Local\Python\pythoncore-3.14-64\Lib\site-packages\django\db\models\base.py", line 1202, in _do_insert
    return manager._insert(
           ~~~~~~~~~~~~~~~^
        [self],
        ^^^^^^^
    ...<3 lines>...
        raw=raw,
        ^^^^^^^^
    )
    ^
  File "C:\Users\Hp\AppData\Local\Python\pythoncore-3.14-64\Lib\site-packages\django\db\models\manager.py", line 87, in manager_method
    return getattr(self.get_queryset(), name)(*args, **kwargs)
           ~~~~~~~~~~~~~~~~~~~~~~~~~~~~~~~~~~^^^^^^^^^^^^^^^^^
  File "C:\Users\Hp\AppData\Local\Python\pythoncore-3.14-64\Lib\site-packages\django\db\models\query.py", line 1852, in _insert
    return query.get_compiler(using=using).execute_sql(returning_fields)
           ~~~~~~~~~~~~~~~~~~~~~~~~~~~~~~~~~~~~~~~~~~~^^^^^^^^^^^^^^^^^^
  File "C:\Users\Hp\AppData\Local\Python\pythoncore-3.14-64\Lib\site-packages\django\db\models\sql\compiler.py", line 1836, in execute_sql
    cursor.execute(sql, params)
    ~~~~~~~~~~~~~~^^^^^^^^^^^^^
  File "C:\Users\Hp\AppData\Local\Python\pythoncore-3.14-64\Lib\site-packages\django\db\backends\utils.py", line 122, in execute
    return super().execute(sql, params)
           ~~~~~~~~~~~~~~~^^^^^^^^^^^^^
  File "C:\Users\Hp\AppData\Local\Python\pythoncore-3.14-64\Lib\site-packages\django\db\backends\utils.py", line 79, in execute
    return self._execute_with_wrappers(
           ~~~~~~~~~~~~~~~~~~~~~~~~~~~^
        sql, params, many=False, executor=self._execute
        ^^^^^^^^^^^^^^^^^^^^^^^^^^^^^^^^^^^^^^^^^^^^^^^
    )
    ^
  File "C:\Users\Hp\AppData\Local\Python\pythoncore-3.14-64\Lib\site-packages\django\db\backends\utils.py", line 92, in _execute_with_wrappers
    return executor(sql, params, many, context)
  File "C:\Users\Hp\AppData\Local\Python\pythoncore-3.14-64\Lib\site-packages\django\db\backends\utils.py", line 100, in _execute
    with self.db.wrap_database_errors:
         ^^^^^^^^^^^^^^^^^^^^^^^^^^^^
  File "C:\Users\Hp\AppData\Local\Python\pythoncore-3.14-64\Lib\site-packages\django\db\utils.py", line 91, in __exit__
    raise dj_exc_value.with_traceback(traceback) from exc_value
  File "C:\Users\Hp\AppData\Local\Python\pythoncore-3.14-64\Lib\site-packages\django\db\backends\utils.py", line 105, in _execute
    return self.cursor.execute(sql, params)
           ~~~~~~~~~~~~~~~~~~~^^^^^^^^^^^^^
  File "C:\Users\Hp\AppData\Local\Python\pythoncore-3.14-64\Lib\site-packages\psycopg\cursor.py", line 117, in execute
    raise ex.with_traceback(None)
django.db.utils.IntegrityError: duplicate key value violates unique constraint "auth_user_username_key"
DETAIL:  Key (username)=(karthik@gmail.com) already exists.
ERROR 2026-09-02 20:14:34,742 basehttp 17356 3748 "POST /accounts/register/ HTTP/1.1" 500 189552
INFO 2026-09-02 20:15:02,984 basehttp 17356 3748 "GET / HTTP/1.1" 302 0
INFO 2026-09-02 20:15:02,997 basehttp 17356 3748 "GET /products/ HTTP/1.1" 302 0
INFO 2026-09-02 20:15:03,021 basehttp 17356 3748 "GET /accounts/login/?next=/products/ HTTP/1.1" 200 10313
INFO 2026-09-02 20:15:09,858 basehttp 17356 3748 "POST /accounts/login/?next=/products/ HTTP/1.1" 200 10556
INFO 2026-09-02 20:15:13,718 basehttp 17356 3748 "GET /accounts/register/ HTTP/1.1" 200 10411
INFO 2026-09-02 20:15:17,742 basehttp 17356 3748 "GET /accounts/login/ HTTP/1.1" 200 10313
WARNING 2026-09-02 20:15:20,417 log 17356 3748 Not Found: /.well-known/appspecific/com.chrome.devtools.json
WARNING 2026-09-02 20:15:20,418 basehttp 17356 3748 "GET /.well-known/appspecific/com.chrome.devtools.json HTTP/1.1" 404 3711
INFO 2026-09-02 20:16:07,141 autoreload 17356 16400 C:\Users\Hp\Documents\Inventory_Management_System\Inventory-management-system\apps\accounts\forms.py changed, reloading.
INFO 2026-09-02 20:16:08,803 autoreload 12032 1888 Watching for file changes with StatReloader
INFO 2026-09-02 20:16:32,375 basehttp 12032 22016 "GET / HTTP/1.1" 302 0
INFO 2026-09-02 20:16:32,422 basehttp 12032 22016 "GET /products/ HTTP/1.1" 302 0
INFO 2026-09-02 20:16:32,481 basehttp 12032 22016 "GET /accounts/login/?next=/products/ HTTP/1.1" 200 10313
INFO 2026-09-02 20:16:36,588 basehttp 12032 22016 "GET /accounts/register/ HTTP/1.1" 200 10411
INFO 2026-09-02 20:17:50,576 basehttp 12032 22016 "POST /accounts/register/ HTTP/1.1" 302 0
INFO 2026-09-02 20:17:50,582 basehttp 12032 22016 "GET /accounts/login/ HTTP/1.1" 200 10313
INFO 2026-09-02 20:18:35,413 basehttp 12032 22016 "POST /accounts/login/ HTTP/1.1" 302 0
INFO 2026-09-02 20:18:35,425 basehttp 12032 22016 "GET / HTTP/1.1" 302 0
WARNING 2026-09-02 20:18:36,908 log 12032 9828 Forbidden (CSRF token from POST incorrect.): /accounts/login/
WARNING 2026-09-02 20:18:36,910 basehttp 12032 9828 "POST /accounts/login/ HTTP/1.1" 403 2503
INFO 2026-09-02 20:18:38,057 basehttp 12032 22016 - Broken pipe from ('127.0.0.1', 51845)
WARNING 2026-09-02 20:18:43,799 log 12032 9828 Not Found: /.well-known/appspecific/com.chrome.devtools.json
WARNING 2026-09-02 20:18:43,803 basehttp 12032 9828 "GET /.well-known/appspecific/com.chrome.devtools.json HTTP/1.1" 404 3711
WARNING 2026-09-02 20:20:20,398 log 12032 9828 Forbidden (CSRF token from POST incorrect.): /accounts/login/
WARNING 2026-09-02 20:20:20,401 basehttp 12032 9828 "POST /accounts/login/ HTTP/1.1" 403 2503
WARNING 2026-09-02 20:20:20,548 log 12032 9828 Not Found: /.well-known/appspecific/com.chrome.devtools.json
WARNING 2026-09-02 20:20:20,550 basehttp 12032 9828 "GET /.well-known/appspecific/com.chrome.devtools.json HTTP/1.1" 404 3711
INFO 2026-09-02 20:22:40,067 autoreload 12032 1888 C:\Users\Hp\Documents\Inventory_Management_System\Inventory-management-system\config\settings.py changed, reloading.
INFO 2026-09-02 20:22:41,763 autoreload 20660 18772 Watching for file changes with StatReloader
WARNING 2026-09-02 20:23:07,788 log 20660 11756 Forbidden (CSRF token from POST incorrect.): /accounts/login/
WARNING 2026-09-02 20:23:07,791 basehttp 20660 11756 "POST /accounts/login/ HTTP/1.1" 403 2503
WARNING 2026-09-02 20:23:07,969 log 20660 11756 Not Found: /.well-known/appspecific/com.chrome.devtools.json
WARNING 2026-09-02 20:23:07,971 basehttp 20660 11756 "GET /.well-known/appspecific/com.chrome.devtools.json HTTP/1.1" 404 3711
WARNING 2026-09-02 20:23:13,131 log 20660 11756 Forbidden (CSRF token from POST incorrect.): /accounts/login/
WARNING 2026-09-02 20:23:13,132 basehttp 20660 11756 "POST /accounts/login/ HTTP/1.1" 403 2503
WARNING 2026-09-02 20:23:13,266 log 20660 11756 Not Found: /.well-known/appspecific/com.chrome.devtools.json
WARNING 2026-09-02 20:23:13,267 basehttp 20660 11756 "GET /.well-known/appspecific/com.chrome.devtools.json HTTP/1.1" 404 3711
WARNING 2026-09-02 21:06:27,061 log 20660 22208 Forbidden (CSRF token from POST incorrect.): /accounts/login/
WARNING 2026-09-02 21:06:27,063 basehttp 20660 22208 "POST /accounts/login/ HTTP/1.1" 403 2503
WARNING 2026-09-02 21:06:27,192 log 20660 22208 Not Found: /.well-known/appspecific/com.chrome.devtools.json
WARNING 2026-09-02 21:06:27,194 basehttp 20660 22208 "GET /.well-known/appspecific/com.chrome.devtools.json HTTP/1.1" 404 3711
WARNING 2026-09-02 21:08:00,013 log 20660 22208 Forbidden (CSRF token from POST incorrect.): /accounts/login/
WARNING 2026-09-02 21:08:00,015 basehttp 20660 22208 "POST /accounts/login/ HTTP/1.1" 403 2503
WARNING 2026-09-02 21:08:00,142 log 20660 22208 Not Found: /.well-known/appspecific/com.chrome.devtools.json
WARNING 2026-09-02 21:08:00,144 basehttp 20660 22208 "GET /.well-known/appspecific/com.chrome.devtools.json HTTP/1.1" 404 3711
INFO 2026-09-02 21:10:03,825 autoreload 8108 9564 Watching for file changes with StatReloader
INFO 2026-09-02 21:14:57,370 autoreload 9672 6348 Watching for file changes with StatReloader
INFO 2026-09-02 21:16:08,985 basehttp 9672 16888 "GET / HTTP/1.1" 302 0
INFO 2026-09-02 21:16:14,256 basehttp 9672 16888 "GET /products/ HTTP/1.1" 200 14829
INFO 2026-09-02 21:16:14,364 basehttp 9672 16888 "GET /static/css/layout.css HTTP/1.1" 304 0
INFO 2026-09-02 21:16:15,063 basehttp 9672 16888 "GET /static/css/tables.css HTTP/1.1" 304 0
INFO 2026-09-02 21:16:15,068 basehttp 9672 7040 "GET /static/css/forms.css HTTP/1.1" 304 0
INFO 2026-09-02 21:16:25,572 autoreload 9672 6348 C:\Users\Hp\Documents\Inventory_Management_System\Inventory-management-system\config\settings.py changed, reloading.
INFO 2026-09-02 21:16:27,380 autoreload 2912 2388 Watching for file changes with StatReloader
INFO 2026-09-02 21:16:47,762 autoreload 2912 2388 C:\Users\Hp\Documents\Inventory_Management_System\Inventory-management-system\config\settings.py changed, reloading.
INFO 2026-09-02 21:16:48,771 autoreload 18380 22188 Watching for file changes with StatReloader
INFO 2026-09-02 21:17:23,658 autoreload 18380 22188 C:\Users\Hp\Documents\Inventory_Management_System\Inventory-management-system\config\settings.py changed, reloading.
INFO 2026-09-02 21:17:24,726 autoreload 16356 5488 Watching for file changes with StatReloader
INFO 2026-09-02 21:17:38,657 basehttp 16356 22368 "GET / HTTP/1.1" 302 0
INFO 2026-09-02 21:17:43,477 basehttp 16356 22368 "GET /products/ HTTP/1.1" 200 14829
INFO 2026-09-02 21:17:51,268 basehttp 16356 22368 - Broken pipe from ('127.0.0.1', 52785)
INFO 2026-09-02 21:17:55,364 basehttp 16356 21072 - Broken pipe from ('127.0.0.1', 50066)
INFO 2026-09-02 21:17:56,093 basehttp 16356 16696 - Broken pipe from ('127.0.0.1', 61098)
INFO 2026-09-02 21:17:56,385 basehttp 16356 4220 - Broken pipe from ('127.0.0.1', 50328)
INFO 2026-09-02 21:18:00,177 basehttp 16356 18712 - Broken pipe from ('127.0.0.1', 56541)
INFO 2026-09-02 21:18:00,881 basehttp 16356 4640 "GET /inventory/ HTTP/1.1" 200 22795
INFO 2026-09-02 21:18:00,946 basehttp 16356 4640 "GET /static/css/dashboard.css HTTP/1.1" 304 0
INFO 2026-09-02 21:30:54,871 autoreload 11716 4800 Watching for file changes with StatReloader
INFO 2026-09-02 21:31:21,374 basehttp 11716 15940 "GET / HTTP/1.1" 302 0
INFO 2026-09-02 21:31:23,906 basehttp 11716 15940 "GET /products/ HTTP/1.1" 200 14829
WARNING 2026-09-02 21:31:24,879 log 11716 15940 Not Found: /favicon.ico
WARNING 2026-09-02 21:31:24,879 basehttp 11716 15940 "GET /favicon.ico HTTP/1.1" 404 3600
INFO 2026-09-02 21:31:31,133 basehttp 11716 15940 "GET /inventory/ HTTP/1.1" 200 22795
INFO 2026-09-02 21:31:36,510 basehttp 11716 15940 "GET /products/ HTTP/1.1" 200 14829
INFO 2026-09-02 21:31:42,763 basehttp 11716 15940 "GET /suppliers/ HTTP/1.1" 200 14375
INFO 2026-09-02 22:43:38,473 basehttp 11716 16276 "GET /inventory/ HTTP/1.1" 302 0
INFO 2026-09-02 22:43:38,494 basehttp 11716 16276 "GET /products/ HTTP/1.1" 302 0
INFO 2026-09-02 22:43:38,578 basehttp 11716 16080 "GET /accounts/login/?next=/inventory/ HTTP/1.1" 200 10313
INFO 2026-09-02 22:43:38,582 basehttp 11716 16276 "GET /accounts/login/?next=/products/ HTTP/1.1" 200 10313
INFO 2026-09-02 22:43:38,803 basehttp 11716 16276 "GET /static/css/base.css HTTP/1.1" 200 922
INFO 2026-09-02 22:43:38,883 basehttp 11716 16080 "GET /static/css/auth.css HTTP/1.1" 200 6776
INFO 2026-09-02 22:43:38,993 basehttp 11716 16080 "GET /static/images/warehouse_bg.jpg HTTP/1.1" 200 816699
WARNING 2026-09-02 22:43:39,215 log 11716 16080 Not Found: /favicon.ico
WARNING 2026-09-02 22:43:39,217 basehttp 11716 16080 "GET /favicon.ico HTTP/1.1" 404 3600
INFO 2026-09-03 00:38:34,949 autoreload 14520 11688 Watching for file changes with StatReloader
INFO 2026-09-03 00:38:58,414 autoreload 5980 544 Watching for file changes with StatReloader
INFO 2026-09-03 00:39:07,911 basehttp 14520 12380 "GET / HTTP/1.1" 302 0
INFO 2026-09-03 00:39:08,088 basehttp 14520 12380 "GET /products/ HTTP/1.1" 302 0
INFO 2026-09-03 00:39:08,152 basehttp 14520 12380 "GET /accounts/login/?next=/products/ HTTP/1.1" 200 10313
INFO 2026-09-03 00:39:08,185 basehttp 14520 12380 "GET /static/css/base.css HTTP/1.1" 304 0
INFO 2026-09-03 00:39:08,186 basehttp 14520 8784 "GET /static/css/auth.css HTTP/1.1" 304 0
INFO 2026-09-03 00:39:08,876 basehttp 14520 8784 "GET /static/images/warehouse_bg.jpg HTTP/1.1" 304 0
WARNING 2026-09-03 00:39:09,601 log 14520 8784 Not Found: /favicon.ico
WARNING 2026-09-03 00:39:09,601 basehttp 14520 8784 "GET /favicon.ico HTTP/1.1" 404 3600
INFO 2026-09-03 00:39:12,059 basehttp 14520 8784 "GET /accounts/register/ HTTP/1.1" 200 10411
INFO 2026-09-03 00:39:37,260 basehttp 14520 8784 "POST /accounts/register/ HTTP/1.1" 302 0
INFO 2026-09-03 00:39:37,274 basehttp 14520 8784 "GET /accounts/login/ HTTP/1.1" 200 10313
INFO 2026-09-03 00:39:44,809 basehttp 14520 8784 "POST /accounts/login/ HTTP/1.1" 302 0
INFO 2026-09-03 00:39:44,818 basehttp 14520 8784 "GET / HTTP/1.1" 302 0
INFO 2026-09-03 00:39:44,944 basehttp 14520 8784 "GET /products/ HTTP/1.1" 200 14827
INFO 2026-09-03 00:39:45,000 basehttp 14520 8784 "GET /static/css/components.css HTTP/1.1" 304 0
INFO 2026-09-03 00:39:48,506 basehttp 14520 8784 "GET /inventory/ HTTP/1.1" 200 22793
INFO 2026-09-03 00:39:49,963 basehttp 14520 8784 "GET /categories/ HTTP/1.1" 200 14332
INFO 2026-09-03 00:39:53,208 basehttp 14520 8784 "GET /categories/new/ HTTP/1.1" 200 13638
INFO 2026-09-03 00:40:12,724 basehttp 14520 8784 "POST /categories/new/ HTTP/1.1" 302 0
INFO 2026-09-03 00:40:12,815 basehttp 14520 8784 "GET /categories/ HTTP/1.1" 200 14711
INFO 2026-09-03 00:40:19,970 basehttp 14520 8784 "GET /products/ HTTP/1.1" 200 14827
INFO 2026-09-03 00:40:23,673 basehttp 14520 8784 "GET /products/new/ HTTP/1.1" 200 15913
INFO 2026-09-03 00:40:50,341 basehttp 14520 8784 "POST /products/new/ HTTP/1.1" 200 16305
INFO 2026-09-03 00:41:01,644 basehttp 14520 8784 "GET /customers/ HTTP/1.1" 200 14478
INFO 2026-09-03 00:41:04,375 basehttp 14520 8784 "GET /customers/new/ HTTP/1.1" 200 14210
INFO 2026-09-03 00:41:46,186 basehttp 14520 8784 "POST /customers/new/ HTTP/1.1" 302 0
INFO 2026-09-03 00:41:46,292 basehttp 14520 8784 "GET /customers/ HTTP/1.1" 200 15407
INFO 2026-09-03 00:50:07,001 autoreload 5980 544 C:\Users\Hp\Documents\Inventory_Management_System\Inventory-management-system\apps\products\models.py changed, reloading.
INFO 2026-09-03 00:50:07,050 autoreload 14520 11688 C:\Users\Hp\Documents\Inventory_Management_System\Inventory-management-system\apps\products\models.py changed, reloading.
INFO 2026-09-03 00:50:08,764 autoreload 1704 7572 Watching for file changes with StatReloader
INFO 2026-09-03 00:50:08,764 autoreload 6368 2780 Watching for file changes with StatReloader
INFO 2026-09-03 00:55:08,360 autoreload 15848 9628 Watching for file changes with StatReloader
INFO 2026-09-03 00:55:20,768 basehttp 15848 17004 "GET / HTTP/1.1" 302 0
INFO 2026-09-03 00:55:21,023 basehttp 15848 17004 "GET /products/ HTTP/1.1" 200 15953
WARNING 2026-09-02 19:40:39,440 log 10 139333638071104 Not Found: /favicon.ico
ry_Management_System\Inventory-management-system\config\settings.py changed, reloading.
INFO 2026-09-03 01:03:41,364 autoreload 5908 12300 Watching for file changes with StatReloader
INFO 2026-09-03 01:03:42,753 autoreload 5908 12300 C:\Users\Hp\Documents\Inventory_Management_System\Inventory-management-system\config\settings.py changed, reloading.
INFO 2026-09-03 01:03:43,970 autoreload 13024 7708 Watching for file changes with StatReloader
INFO 2026-09-03 01:07:39,976 autoreload 13024 7708 C:\Users\Hp\Documents\Inventory_Management_System\Inventory-management-system\config\settings.py changed, reloading.
INFO 2026-09-03 01:07:41,353 autoreload 20324 6408 Watching for file changes with StatReloader
WARNING 2026-09-03 01:08:32,786 log 20324 13696 Not Found: /api/docs/swagger/
WARNING 2026-09-03 01:08:32,787 basehttp 20324 13696 "GET /api/docs/swagger/ HTTP/1.1" 404 3618
INFO 2026-09-03 01:08:33,122 basehttp 20324 13696 - Broken pipe from ('127.0.0.1', 50644)
INFO 2026-09-03 01:08:50,710 autoreload 20324 6408 C:\Users\Hp\Documents\Inventory_Management_System\Inventory-management-system\config\urls.py changed, reloading.
INFO 2026-09-03 01:08:52,291 autoreload 19760 20000 Watching for file changes with StatReloader
INFO 2026-09-04 20:42:53,475 autoreload 16188 13092 Watching for file changes with StatReloader
INFO 2026-09-04 20:45:01,862 autoreload 19776 416 Watching for file changes with StatReloader
INFO 2026-09-04 21:29:59,923 autoreload 16448 15384 Watching for file changes with StatReloader
INFO 2026-09-04 21:30:43,923 basehttp 16448 5484 "GET / HTTP/1.1" 302 0
INFO 2026-09-04 21:30:43,940 basehttp 16448 5484 "GET /products/ HTTP/1.1" 302 0
INFO 2026-09-04 21:30:43,980 basehttp 16448 5484 "GET /accounts/login/?next=/products/ HTTP/1.1" 200 10313
INFO 2026-09-04 21:30:44,004 basehttp 16448 5484 "GET /static/css/base.css HTTP/1.1" 304 0
INFO 2026-09-04 21:30:44,006 basehttp 16448 17244 "GET /static/css/auth.css HTTP/1.1" 304 0
WARNING 2026-09-04 21:30:45,117 log 16448 17244 Not Found: /favicon.ico
WARNING 2026-09-04 21:30:45,118 basehttp 16448 17244 "GET /favicon.ico HTTP/1.1" 404 3600
INFO 2026-09-04 21:30:46,921 basehttp 16448 17244 "GET /accounts/register/ HTTP/1.1" 200 10411
INFO 2026-09-04 21:30:48,710 basehttp 16448 17244 "GET /static/images/warehouse_bg.jpg HTTP/1.1" 304 0
INFO 2026-09-04 21:30:51,396 basehttp 16448 17244 "GET /accounts/login/ HTTP/1.1" 200 10313
INFO 2026-09-04 22:14:22,011 autoreload 14044 17732 Watching for file changes with StatReloader
INFO 2026-09-04 22:14:35,442 basehttp 14044 15268 "GET / HTTP/1.1" 302 0
INFO 2026-09-04 22:14:35,464 basehttp 14044 15268 "GET /products/ HTTP/1.1" 302 0
INFO 2026-09-04 22:14:35,533 basehttp 14044 15268 "GET /accounts/login/?next=/products/ HTTP/1.1" 200 10313
WARNING 2026-09-04 22:14:37,084 log 14044 15268 Not Found: /favicon.ico
WARNING 2026-09-04 22:14:37,085 basehttp 14044 15268 "GET /favicon.ico HTTP/1.1" 404 3600
INFO 2026-09-04 22:14:41,001 basehttp 14044 15268 "GET /accounts/register/ HTTP/1.1" 200 10411
INFO 2026-09-04 22:14:42,484 basehttp 14044 15268 "GET /accounts/login/ HTTP/1.1" 200 10313
INFO 2026-09-04 22:14:52,060 basehttp 14044 15268 "GET /accounts/register/ HTTP/1.1" 200 10411
INFO 2026-09-04 22:14:53,384 basehttp 14044 15268 "GET /accounts/login/ HTTP/1.1" 200 10313
INFO 2026-09-04 22:14:54,785 basehttp 14044 15268 "GET /accounts/register/ HTTP/1.1" 200 10411
INFO 2026-09-04 22:14:56,437 basehttp 14044 15268 "GET /accounts/login/ HTTP/1.1" 200 10313
INFO 2026-09-04 22:14:58,136 basehttp 14044 15268 "GET /accounts/register/ HTTP/1.1" 200 10411
INFO 2026-09-04 22:14:59,426 basehttp 14044 15268 "GET /accounts/login/ HTTP/1.1" 200 10313
INFO 2026-09-04 22:15:00,913 basehttp 14044 15268 "GET /accounts/register/ HTTP/1.1" 200 10411
INFO 2026-09-04 22:15:03,966 basehttp 14044 15268 "GET /accounts/login/ HTTP/1.1" 200 10313
INFO 2026-09-04 22:24:22,978 basehttp 14044 4512 "POST /accounts/login/ HTTP/1.1" 200 10556
INFO 2026-09-04 22:24:26,231 basehttp 14044 4512 "GET /accounts/register/ HTTP/1.1" 200 10411
INFO 2026-09-04 22:24:45,381 basehttp 14044 4512 "POST /accounts/register/ HTTP/1.1" 200 10950
INFO 2026-09-05 01:56:08,707 autoreload 10284 23904 Watching for file changes with StatReloader
INFO 2026-09-05 01:56:38,672 autoreload 18888 20244 Watching for file changes with StatReloader
INFO 2026-09-05 01:58:09,881 autoreload 9456 13760 Watching for file changes with StatReloader
INFO 2026-09-05 01:58:20,046 autoreload 21908 15352 Watching for file changes with StatReloader
INFO 2026-09-05 02:00:22,733 autoreload 22976 22612 Watching for file changes with StatReloader
INFO 2026-09-05 02:02:46,452 autoreload 14528 22800 Watching for file changes with StatReloader
INFO 2026-09-05 02:10:45,553 autoreload 23324 20744 Watching for file changes with StatReloader
INFO 2026-09-05 02:10:54,955 basehttp 23324 18224 "GET / HTTP/1.1" 302 0
INFO 2026-09-05 02:10:55,015 basehttp 23324 18224 "GET /products/ HTTP/1.1" 302 0
INFO 2026-09-05 02:10:55,100 basehttp 23324 18224 "GET /accounts/login/?next=/products/ HTTP/1.1" 200 10313
INFO 2026-09-05 02:11:02,028 basehttp 23324 18224 "POST /accounts/login/?next=/products/ HTTP/1.1" 200 10556
WARNING 2026-09-05 02:11:05,758 log 23324 18224 Not Found: /.well-known/appspecific/com.chrome.devtools.json
WARNING 2026-09-05 02:11:05,760 basehttp 23324 18224 "GET /.well-known/appspecific/com.chrome.devtools.json HTTP/1.1" 404 3711
INFO 2026-09-05 02:11:13,314 basehttp 23324 18224 "GET /accounts/register/ HTTP/1.1" 200 10411
INFO 2026-09-05 02:11:33,979 basehttp 23324 18224 "POST /accounts/register/ HTTP/1.1" 302 0
INFO 2026-09-05 02:11:33,995 basehttp 23324 18224 "GET /accounts/login/ HTTP/1.1" 200 10313
INFO 2026-09-05 02:11:42,333 basehttp 23324 18224 "POST /accounts/login/ HTTP/1.1" 302 0
INFO 2026-09-05 02:11:42,340 basehttp 23324 18224 "GET / HTTP/1.1" 302 0
INFO 2026-09-05 02:11:42,450 basehttp 23324 18224 "GET /products/ HTTP/1.1" 200 14829
INFO 2026-09-05 02:11:42,540 basehttp 23324 18224 "GET /static/css/components.css HTTP/1.1" 304 0
INFO 2026-09-05 02:11:42,542 basehttp 23324 6152 "GET /static/css/layout.css HTTP/1.1" 304 0
INFO 2026-09-05 02:11:42,561 basehttp 23324 4368 "GET /static/css/tables.css HTTP/1.1" 304 0
INFO 2026-09-05 02:11:42,562 basehttp 23324 17772 "GET /static/css/forms.css HTTP/1.1" 304 0
INFO 2026-09-05 02:11:48,539 basehttp 23324 17772 "GET /categories/ HTTP/1.1" 200 14334
INFO 2026-09-05 02:14:06,042 basehttp 23324 17772 "GET /admin/](http://127.0.0.1:8000/admin/ HTTP/1.1" 302 0
INFO 2026-09-05 02:14:06,227 basehttp 23324 17772 "GET /admin/login/?next=/admin/%255D%28http%3A//127.0.0.1%3A8000/admin/ HTTP/1.1" 200 3757
INFO 2026-09-05 02:14:06,685 basehttp 23324 17772 "GET /static/admin/css/base.css HTTP/1.1" 200 22092
INFO 2026-09-05 02:14:06,688 basehttp 23324 18224 "GET /static/admin/css/nav_sidebar.css HTTP/1.1" 200 2810
INFO 2026-09-05 02:14:06,690 basehttp 23324 22628 "GET /static/admin/css/responsive.css HTTP/1.1" 200 17972
INFO 2026-09-05 02:14:06,691 basehttp 23324 4368 "GET /static/admin/css/dark_mode.css HTTP/1.1" 200 2804
INFO 2026-09-05 02:14:06,692 basehttp 23324 6316 "GET /static/admin/css/login.css HTTP/1.1" 200 951
INFO 2026-09-05 02:14:06,693 basehttp 23324 6152 "GET /static/admin/js/theme.js HTTP/1.1" 200 1653
INFO 2026-09-05 02:14:06,951 basehttp 23324 6152 "GET /static/admin/js/nav_sidebar.js HTTP/1.1" 200 3063
INFO 2026-09-05 02:14:11,044 basehttp 23324 6152 "POST /admin/login/?next=/admin/%255D%28http%3A//127.0.0.1%3A8000/admin/ HTTP/1.1" 200 3929
INFO 2026-09-05 02:15:52,941 autoreload 19480 24416 Watching for file changes with StatReloader
INFO 2026-09-05 02:16:11,486 basehttp 19480 23360 "GET / HTTP/1.1" 302 0
INFO 2026-09-05 02:16:11,642 basehttp 19480 23360 "GET /products/ HTTP/1.1" 200 14829
INFO 2026-09-05 02:16:15,460 basehttp 19480 23360 "GET /categories/ HTTP/1.1" 200 14334
INFO 2026-09-05 02:16:17,051 basehttp 19480 23360 "GET /products/ HTTP/1.1" 200 14829
INFO 2026-09-05 02:16:18,259 basehttp 19480 23360 "GET /suppliers/ HTTP/1.1" 200 14375
INFO 2026-09-05 02:16:19,499 basehttp 19480 23360 "GET /inventory/ HTTP/1.1" 200 22795
INFO 2026-09-05 02:16:19,563 basehttp 19480 23360 "GET /static/css/dashboard.css HTTP/1.1" 304 0
INFO 2026-09-05 02:16:20,379 basehttp 19480 23360 "GET /orders/ HTTP/1.1" 200 14002
INFO 2026-09-05 02:16:21,587 basehttp 19480 23360 "GET /customers/ HTTP/1.1" 200 14480
INFO 2026-09-05 02:17:03,973 basehttp 19480 23360 "POST /accounts/logout/ HTTP/1.1" 302 0
INFO 2026-09-05 02:17:03,988 basehttp 19480 23360 "GET /accounts/login/ HTTP/1.1" 200 10313
INFO 2026-09-05 02:17:17,359 basehttp 19480 23360 "POST /accounts/login/ HTTP/1.1" 200 10556
INFO 2026-09-05 02:18:13,933 basehttp 19480 23360 "GET /admin/ HTTP/1.1" 302 0
INFO 2026-09-05 02:18:14,028 basehttp 19480 23360 "GET /admin/login/?next=/admin/ HTTP/1.1" 200 4160
INFO 2026-09-05 02:18:18,912 basehttp 19480 23360 "POST /admin/login/?next=/admin/ HTTP/1.1" 200 4332
INFO 2026-09-05 02:18:45,519 basehttp 19480 23360 "POST /admin/login/?next=/admin/ HTTP/1.1" 302 0
INFO 2026-09-05 02:18:45,642 basehttp 19480 23360 "GET /admin/ HTTP/1.1" 200 5291
INFO 2026-09-05 02:18:45,762 basehttp 19480 23360 "GET /static/admin/css/dashboard.css HTTP/1.1" 200 441
INFO 2026-09-05 02:18:45,792 basehttp 19480 18792 "GET /static/admin/img/icon-changelink.svg HTTP/1.1" 200 380
INFO 2026-09-05 02:18:45,792 basehttp 19480 23360 "GET /static/admin/img/icon-addlink.svg HTTP/1.1" 200 331
INFO 2026-09-05 02:18:56,283 basehttp 19480 23360 "GET /admin/auth/group/add/ HTTP/1.1" 200 13621
INFO 2026-09-05 02:18:56,368 basehttp 19480 23360 "GET /static/admin/css/forms.css HTTP/1.1" 200 8794
INFO 2026-09-05 02:18:56,381 basehttp 19480 11660 "GET /static/admin/js/jquery.init.js HTTP/1.1" 200 347
INFO 2026-09-05 02:18:56,392 basehttp 19480 23360 "GET /static/admin/js/SelectBox.js HTTP/1.1" 200 4530
INFO 2026-09-05 02:18:56,428 basehttp 19480 23732 "GET /static/admin/js/vendor/jquery/jquery.js HTTP/1.1" 200 285314
INFO 2026-09-05 02:18:56,430 basehttp 19480 11232 "GET /static/admin/js/admin/RelatedObjectLookups.js HTTP/1.1" 200 9097
INFO 2026-09-05 02:18:56,436 basehttp 19480 17300 "GET /static/admin/js/core.js HTTP/1.1" 200 6208
INFO 2026-09-05 02:18:56,438 basehttp 19480 23360 "GET /static/admin/js/SelectFilter2.js HTTP/1.1" 200 15502
INFO 2026-09-05 02:18:56,446 basehttp 19480 11660 "GET /static/admin/js/actions.js HTTP/1.1" 200 8076
INFO 2026-09-05 02:18:56,449 basehttp 19480 18792 "GET /admin/jsi18n/ HTTP/1.1" 200 3342
INFO 2026-09-05 02:18:56,459 basehttp 19480 23732 "GET /static/admin/js/urlify.js HTTP/1.1" 200 7887
INFO 2026-09-05 02:18:56,466 basehttp 19480 23360 "GET /static/admin/js/prepopulate_init.js HTTP/1.1" 200 586
INFO 2026-09-05 02:18:56,479 basehttp 19480 11232 "GET /static/admin/js/prepopulate.js HTTP/1.1" 200 1531
INFO 2026-09-05 02:18:56,490 basehttp 19480 18792 "GET /static/admin/css/widgets.css HTTP/1.1" 200 11564
INFO 2026-09-05 02:18:56,499 basehttp 19480 17300 "GET /static/admin/js/vendor/xregexp/xregexp.js HTTP/1.1" 200 325171
INFO 2026-09-05 02:18:56,515 basehttp 19480 18792 "GET /static/admin/js/change_form.js HTTP/1.1" 200 606
INFO 2026-09-05 02:18:56,766 basehttp 19480 17300 "GET /static/admin/img/search.svg HTTP/1.1" 200 458
INFO 2026-09-05 02:18:56,768 basehttp 19480 23360 "GET /static/admin/img/icon-unknown-alt.svg HTTP/1.1" 200 655
INFO 2026-09-05 02:18:56,769 basehttp 19480 18792 "GET /static/admin/img/icon-unknown.svg HTTP/1.1" 200 655
INFO 2026-09-05 02:18:56,771 basehttp 19480 11232 "GET /static/admin/img/selector-icons.svg HTTP/1.1" 200 3291
INFO 2026-09-05 02:19:05,034 basehttp 19480 11232 "POST /admin/auth/group/add/ HTTP/1.1" 200 13784
INFO 2026-09-05 02:19:05,147 basehttp 19480 11232 "GET /admin/jsi18n/ HTTP/1.1" 200 3342
INFO 2026-09-05 02:19:11,003 basehttp 19480 11232 "POST /admin/auth/group/add/ HTTP/1.1" 200 13784
INFO 2026-09-05 02:19:11,116 basehttp 19480 11232 "GET /admin/jsi18n/ HTTP/1.1" 200 3342
INFO 2026-09-05 02:19:17,396 basehttp 19480 11232 "POST /admin/auth/group/add/ HTTP/1.1" 302 0
INFO 2026-09-05 02:19:17,510 basehttp 19480 11232 "GET /admin/auth/group/ HTTP/1.1" 200 8570
INFO 2026-09-05 02:19:17,565 basehttp 19480 11232 "GET /static/admin/css/changelists.css HTTP/1.1" 200 6878
INFO 2026-09-05 02:19:17,642 basehttp 19480 11232 "GET /admin/jsi18n/ HTTP/1.1" 200 3342
INFO 2026-09-05 02:19:17,649 basehttp 19480 18792 "GET /static/admin/js/filters.js HTTP/1.1" 200 978
INFO 2026-09-05 02:19:17,682 basehttp 19480 18792 "GET /static/admin/img/icon-yes.svg HTTP/1.1" 200 436
INFO 2026-09-05 02:19:17,685 basehttp 19480 11232 "GET /static/admin/img/tooltag-add.svg HTTP/1.1" 200 331
INFO 2026-09-05 02:19:25,289 basehttp 19480 11232 "GET /admin/auth/group/add/ HTTP/1.1" 200 13621
INFO 2026-09-05 02:19:25,389 basehttp 19480 11232 "GET /admin/jsi18n/ HTTP/1.1" 200 3342
INFO 2026-09-05 02:19:29,905 basehttp 19480 11232 "POST /admin/auth/group/add/ HTTP/1.1" 200 13784
INFO 2026-09-05 02:19:30,010 basehttp 19480 11232 "GET /admin/jsi18n/ HTTP/1.1" 200 3342
INFO 2026-09-05 02:19:35,115 basehttp 19480 11232 "GET /admin/auth/group/ HTTP/1.1" 200 8370
INFO 2026-09-05 02:19:35,225 basehttp 19480 11232 "GET /admin/jsi18n/ HTTP/1.1" 200 3342
INFO 2026-09-05 02:19:38,065 basehttp 19480 11232 "GET /admin/auth/group/add/ HTTP/1.1" 200 13621
INFO 2026-09-05 02:19:38,172 basehttp 19480 11232 "GET /admin/jsi18n/ HTTP/1.1" 200 3342
INFO 2026-09-05 02:19:39,392 basehttp 19480 11232 "GET / HTTP/1.1" 302 0
INFO 2026-09-05 02:19:39,464 basehttp 19480 11232 "GET /products/ HTTP/1.1" 200 14827
INFO 2026-09-05 02:26:21,203 autoreload 14544 23780 Watching for file changes with StatReloader
INFO 2026-09-05 02:27:15,560 basehttp 14544 15704 "GET / HTTP/1.1" 302 0
INFO 2026-09-05 02:27:15,731 basehttp 14544 15704 "GET /products/ HTTP/1.1" 200 14827
